<akomaNtoso xmlns="http://docs.oasis-open.org/legaldocml/ns/akn/3.0" xmlns:leos="urn:eu:europa:ec:leos">
    <bill name="REG">
        <body leos:origin="ec" xml:id="body">
            <article leos:origin="ec" xml:id="art_1" leos:editable="false" leos:deletable="false">
                <num leos:origin="ec" leos:editable="false" xml:id="art_1__num">Article 1</num>
                <heading leos:origin="ec" xml:id="art_1__heading">Scope</heading>
                <paragraph leos:origin="ec" xml:id="art_1__para_1">
                    <num leos:origin="ec" xml:id="art_1__para_1__num">1.</num>
                    <content leos:origin="ec" xml:id="art_1__para_1__content">
                        <p leos:origin="ec" xml:id="art_1__para_1__content__p">Article 1 content</p>
                    </content>
                </paragraph>
            </article>
            <article leos:editable="false" leos:deletable="false" leos:origin="ec" xml:id="art_2"
                     class="leos-double-compare-added">
                <num leos:origin="ec" leos:editable="false" xml:id="art_2_num">Article
                    <span class="leos-double-compare-removed">-1</span>
                    <span class="leos-double-compare-added">2</span>
                </num>
                <heading leos:origin="ec" xml:id="art_2_heading">Article heading...</heading>
                <paragraph leos:origin="ec" xml:id="art_2_par_1" leos:depth="1">
                    <num leos:origin="ec" xml:id="art_2_par_1_num">1.</num>
                    <subparagraph leos:origin="ec" xml:id="art_2_subpar_1">
                        <content leos:origin="ec" xml:id="art_2_subpar_1_content">
                            <p leos:origin="ec" xml:id="art_2_subpar_1_content_p">Article 3 content (subparagraph 1)</p>
                        </content>
                    </subparagraph>
                    <subparagraph leos:origin="ec" xml:id="art_2_subpar_2">
                        <content leos:origin="ec" xml:id="art_2_subpar_2_content">
                            <p leos:origin="ec" xml:id="art_2_subpar_2_content_p">subparagraph 2</p>
                        </content>
                    </subparagraph>
                    <subparagraph leos:origin="ec" xml:id="art_2_subpar_3">
                        <content leos:origin="ec" xml:id="art_2_subpar_3_content">
                            <p leos:origin="ec" xml:id="art_2_subpar_3_content_p">subparagraph 3</p>
                        </content>
                    </subparagraph>
                </paragraph>
                <paragraph leos:origin="ec" xml:id="art_2_par_2" leos:depth="1">
                    <num leos:origin="ec" xml:id="art_2_par_2_num">2.</num>
                    <content leos:origin="ec" xml:id="art_2_par_2_content">
                        <p leos:origin="ec" xml:id="art_2_par_2_content_p">Article 3, second paragraph</p>
                    </content>
                </paragraph>
                <paragraph leos:origin="ec" xml:id="art_2_par_3" leos:depth="1">
                    <num leos:origin="ec" xml:id="art_2_par_3_num">3.</num>
                    <content leos:origin="ec" xml:id="art_2_par_3_content">
                        <p leos:origin="ec" xml:id="art_2_par_3_content_p">Article 3, third paragraph</p>
                    </content>
                </paragraph>
            </article>
            <article leos:origin="ec" xml:id="art_3" leos:editable="false" leos:deletable="false">
                <num leos:origin="ec" leos:editable="false" xml:id="art_3__num">Article 3</num>
                <heading leos:origin="ec" xml:id="art_3__heading">Scope</heading>
                <paragraph leos:origin="ec" xml:id="art_3__para_1" leos:depth="1">
                    <num leos:origin="ec" xml:id="art_3__para_1__num">1.</num>
                    <content leos:origin="ec" xml:id="art_3__para_1__content">
                        <p leos:origin="ec" xml:id="art_3__para_1__content__p">Article 3 content</p>
                    </content>
                </paragraph>
            </article>
        </body>
    </bill>
</akomaNtoso>