<akomaNtoso xmlns="http://docs.oasis-open.org/legaldocml/ns/akn/3.0" xmlns:leos="urn:eu:europa:ec:leos">
    <bill name="REG">
        <body leos:origin="ec" xml:id="body">
            <article leos:deletable="false" leos:editable="false" leos:origin="ec" xml:id="akn_article_guv74A">
                <num leos:editable="false" leos:origin="ec" xml:id="akn_article_guv74A_XIPegk">Article 4</num>
                <heading leos:origin="ec" xml:id="akn_article_guv74A_pOgM7v">Article heading...</heading>
                <paragraph leos:depth="1" leos:origin="ec" xml:id="akn_article_guv74A-par1">
                    <num leos:origin="ec" xml:id="akn_article_guv74A_ktsZz5">1.</num>
                    <subparagraph leos:origin="ec" xml:id="akn_article_guv74A_x9ZhZf">
                        <content leos:origin="ec" xml:id="akn_article_guv74A_JlMQlO">
                            <p leos:origin="ec" xml:id="akn_article_guv74A_OD5hRE">sub1</p>
                        </content>
                    </subparagraph>
                    <list leos:origin="ec" xml:id="akn_article_guv74A_fE6JkW">
                        <point leos:depth="1" leos:origin="ec" xml:id="akn_article_guv74A_yqI0yI">
                            <num leos:origin="ec" xml:id="akn_article_guv74A_rIjYrx">(a)</num>
                            <content leos:origin="ec" xml:id="akn_article_guv74A_eX6r4y">
                                <p leos:origin="ec" xml:id="akn_article_guv74A_YXFEiR">point (a)</p>
                            </content>
                        </point>
                        <point class="leos-content-removed-cn" leos:deletable="false" leos:editable="false" leos:origin="ec" leos:softaction="move_to" leos:softactionroot="true" leos:softdate="2020-09-22T23:36:55.707+02:00" leos:softmove_label="MOVEDtoArticle4(2),point(a)" leos:softmove_to="akn_article_guv74A_ZN2TWN" leos:softuser="jane" xml:id="moved_akn_article_guv74A_ZN2TWN">
                            <num leos:origin="ec" xml:id="moved_akn_article_guv74A_A3MjvD">(b)</num>
                            <alinea leos:deletable="false" leos:editable="false" leos:origin="ec" leos:softaction="move_to" leos:softactionroot="false" leos:softdate="2020-09-22T23:36:55.699+02:00" leos:softmove_label="MOVEDtoArticle4(2),point(a),firstsubparagraph" leos:softmove_to="akn_article_guv74A_PRWPHN" leos:softuser="jane" xml:id="moved_akn_article_guv74A_PRWPHN">
                                <content leos:origin="ec" xml:id="moved_akn_article_guv74A_YM3ilS">
                                    <p leos:origin="ec" xml:id="moved_akn_article_guv74A_alza5l">point (b)/alinea 1</p>
                                </content>
                            </alinea>
                            <list leos:deletable="false" leos:editable="false" leos:origin="ec" leos:softaction="move_to" leos:softactionroot="false" leos:softdate="2020-09-22T23:36:55.706+02:00" leos:softmove_label="MOVEDtoArticle4(2),point(a)" leos:softmove_to="akn_article_guv74A_qWN2Cc" leos:softuser="jane" xml:id="moved_akn_article_guv74A_qWN2Cc">
                                <point leos:deletable="false" leos:editable="false" leos:origin="ec" leos:softaction="move_to" leos:softactionroot="false" leos:softdate="2020-09-22T23:36:55.705+02:00" leos:softmove_label="MOVEDtoArticle4(2),point(a)(i)" leos:softmove_to="akn_article_guv74A_GYzKBQ" leos:softuser="jane" xml:id="moved_akn_article_guv74A_GYzKBQ">
                                    <num leos:origin="ec" xml:id="moved_akn_article_guv74A_JTVhjT">(i)</num>
                                    <alinea leos:deletable="false" leos:editable="false" leos:origin="ec" leos:softaction="move_to" leos:softactionroot="false" leos:softdate="2020-09-22T23:36:55.700+02:00" leos:softmove_label="MOVEDtoArticle4(2),point(a)(i),firstsubparagraph" leos:softmove_to="akn_article_guv74A_2FcWxH" leos:softuser="jane" xml:id="moved_akn_article_guv74A_2FcWxH">
                                        <content leos:origin="ec" xml:id="moved_akn_article_guv74A_Bq8WiJ">
                                            <p leos:origin="ec" xml:id="moved_akn_article_guv74A_NxIfqH">point (i)/alinea 1</p>
                                        </content>
                                    </alinea>
                                    <list leos:deletable="false" leos:editable="false" leos:origin="ec" leos:softaction="move_to" leos:softactionroot="false" leos:softdate="2020-09-22T23:36:55.704+02:00" leos:softmove_label="MOVEDtoArticle4(2),point(a)(i)" leos:softmove_to="akn_article_guv74A_lpbAUJ" leos:softuser="jane" xml:id="moved_akn_article_guv74A_lpbAUJ">
                                        <point leos:deletable="false" leos:editable="false" leos:origin="ec" leos:softaction="move_to" leos:softactionroot="false" leos:softdate="2020-09-22T23:36:55.704+02:00" leos:softmove_label="MOVEDtoArticle4(2),point(a)(i)(1)" leos:softmove_to="akn_article_guv74A_Vxnu5C" leos:softuser="jane" xml:id="moved_akn_article_guv74A_Vxnu5C">
                                            <num leos:origin="ec" xml:id="moved_akn_article_guv74A_ltiKE0">(1)</num>
                                            <alinea leos:deletable="false" leos:editable="false" leos:origin="ec" leos:softaction="move_to" leos:softactionroot="false" leos:softdate="2020-09-22T23:36:55.700+02:00" leos:softmove_label="MOVEDtoArticle4(2),point(a)(i)(1),firstsubparagraph" leos:softmove_to="akn_article_guv74A_DE88pl" leos:softuser="jane" xml:id="moved_akn_article_guv74A_DE88pl">
                                                <content leos:origin="ec" xml:id="moved_akn_article_guv74A_KUXFkb">
                                                    <p leos:origin="ec" xml:id="moved_akn_article_guv74A_7q22gH">point 1/alinea 1</p>
                                                </content>
                                            </alinea>
                                            <list leos:deletable="false" leos:editable="false" leos:origin="ec" leos:softaction="move_to" leos:softactionroot="false" leos:softdate="2020-09-22T23:36:55.700+02:00" leos:softmove_label="MOVEDtoArticle4(2),point(a)(i)(1)" leos:softmove_to="akn_article_guv74A_Gl5o3L" leos:softuser="jane" xml:id="moved_akn_article_guv74A_Gl5o3L">
                                                <indent leos:deletable="false" leos:editable="false" leos:origin="ec" leos:softaction="move_to" leos:softactionroot="false" leos:softdate="2020-09-22T23:36:55.700+02:00" leos:softmove_label="MOVEDtoArticle4(2),point(a)(i)(1),firstindent" leos:softmove_to="akn_article_guv74A_PdPJy1" leos:softuser="jane" xml:id="moved_akn_article_guv74A_PdPJy1">
                                                    <num leos:origin="ec" xml:id="moved_akn_article_guv74A_ffiqwX">-</num>
                                                    <content leos:origin="ec" xml:id="moved_akn_article_guv74A_Ik0aHa">
                                                        <p leos:origin="ec" xml:id="moved_akn_article_guv74A_TrZkpa">Indent</p>
                                                    </content>
                                                </indent>
                                            </list>
                                        </point>
                                    </list>
                                </point>
                            </list>
                        </point>
                    </list>
                </paragraph>
                <paragraph leos:depth="1" leos:origin="ec" xml:id="akn_article_guv74A_HwWtdf">
                    <num leos:origin="ec" xml:id="akn_article_guv74A_97a2Nb">2.</num>
                    <subparagraph class="leos-content-new-cn" leos:origin="ec" leos:softaction="trans" leos:softactionroot="true" leos:softdate="2020-09-22T23:36:55.791+02:00" leos:softuser="jane" xml:id="transformed_akn_article_guv74A_HwWtdf">
                        <content leos:origin="ec" xml:id="akn_article_guv74A_A2bzoG">
                            <p leos:origin="ec" xml:id="akn_article_guv74A_BygcUz">
                                Paragraph 2
                                <span class="leos-content-removed-cn"> </span>
                                <span class="leos-content-new-cn"> </span>
                            </p>
                        </content>
                    </subparagraph>
                    <list class="leos-content-new-cn" leos:origin="cn" leos:softaction="move_from" leos:softactionroot="true" leos:softdate="2020-09-22T23:36:55.785+02:00" leos:softuser="jane" xml:id="lis_Qn7IZD">
                        <point class="leos-content-new-cn" id="akn_article_guv74A_ZN2TWN" leos:origin="ec" leos:softaction="move_from" leos:softactionroot="true" leos:softdate="2020-09-23T17:35:50.934+02:00" leos:softuser="jane">
                            <num leos:origin="cn" xml:id="akn_article_guv74A_A3MjvD">(a)</num>
                            <alinea class="leos-content-new-cn" leos:origin="ec" leos:softaction="move_from" leos:softactionroot="true" leos:softdate="2020-09-22T23:36:55.727+02:00" leos:softmove_from="moved_akn_article_guv74A_PRWPHN" leos:softmove_label="MOVEDfromArticle4(1),point(b),firstsubparagraph" leos:softuser="jane" xml:id="akn_article_guv74A_PRWPHN">
                                <content leos:origin="ec" xml:id="akn_article_guv74A_YM3ilS">
                                    <p leos:origin="ec" xml:id="akn_article_guv74A_alza5l">point (b)/alinea 1</p>
                                </content>
                            </alinea>
                            <list class="leos-content-new-cn" leos:origin="ec" leos:softaction="move_from" leos:softactionroot="false" leos:softdate="2020-09-22T23:36:55.773+02:00" leos:softmove_from="moved_akn_article_guv74A_qWN2Cc" leos:softmove_label="MOVEDfromArticle4(1),point(b)" leos:softuser="jane" xml:id="akn_article_guv74A_qWN2Cc">
                                <point class="leos-content-new-cn" leos:origin="ec" leos:softaction="move_from" leos:softactionroot="false" leos:softdate="2020-09-22T23:36:55.773+02:00" leos:softmove_from="moved_akn_article_guv74A_GYzKBQ" leos:softmove_label="MOVEDfromArticle4(1),point(b)(i)" leos:softuser="jane" xml:id="akn_article_guv74A_GYzKBQ">
                                    <num leos:origin="ec" xml:id="akn_article_guv74A_JTVhjT">(i)</num>
                                    <alinea class="leos-content-new-cn" leos:origin="ec" leos:softaction="move_from" leos:softactionroot="false" leos:softdate="2020-09-22T23:36:55.727+02:00" leos:softmove_from="moved_akn_article_guv74A_2FcWxH" leos:softmove_label="MOVEDfromArticle4(1),point(b)(i),firstsubparagraph" leos:softuser="jane" xml:id="akn_article_guv74A_2FcWxH">
                                        <content leos:origin="ec" xml:id="akn_article_guv74A_Bq8WiJ">
                                            <p leos:origin="ec" xml:id="akn_article_guv74A_NxIfqH">point (i)/alinea 1</p>
                                        </content>
                                    </alinea>
                                    <list class="leos-content-new-cn" leos:origin="ec" leos:softaction="move_from" leos:softactionroot="false" leos:softdate="2020-09-22T23:36:55.773+02:00" leos:softmove_from="moved_akn_article_guv74A_lpbAUJ" leos:softmove_label="MOVEDfromArticle4(1),point(b)(i)" leos:softuser="jane" xml:id="akn_article_guv74A_lpbAUJ">
                                        <point class="leos-content-new-cn" leos:origin="ec" leos:softaction="move_from" leos:softactionroot="false" leos:softdate="2020-09-22T23:36:55.772+02:00" leos:softmove_from="moved_akn_article_guv74A_Vxnu5C" leos:softmove_label="MOVEDfromArticle4(1),point(b)(i)(1)" leos:softuser="jane" xml:id="akn_article_guv74A_Vxnu5C">
                                            <num leos:origin="ec" xml:id="akn_article_guv74A_ltiKE0">(1)</num>
                                            <alinea class="leos-content-new-cn" leos:origin="ec" leos:softaction="move_from" leos:softactionroot="false" leos:softdate="2020-09-22T23:36:55.727+02:00" leos:softmove_from="moved_akn_article_guv74A_DE88pl" leos:softmove_label="MOVEDfromArticle4(1),point(b)(i)(1),firstsubparagraph" leos:softuser="jane" xml:id="akn_article_guv74A_DE88pl">
                                                <content leos:origin="ec" xml:id="akn_article_guv74A_KUXFkb">
                                                    <p leos:origin="ec" xml:id="akn_article_guv74A_7q22gH">point 1/alinea 1</p>
                                                </content>
                                            </alinea>
                                            <list class="leos-content-new-cn" leos:origin="ec" leos:softaction="move_from" leos:softactionroot="false" leos:softdate="2020-09-22T23:36:55.770+02:00" leos:softmove_from="moved_akn_article_guv74A_Gl5o3L" leos:softmove_label="MOVEDfromArticle4(1),point(b)(i)(1)" leos:softuser="jane" xml:id="akn_article_guv74A_Gl5o3L">
                                                <indent class="leos-content-new-cn" leos:origin="ec" leos:softaction="move_from" leos:softactionroot="false" leos:softdate="2020-09-22T23:36:55.770+02:00" leos:softmove_from="moved_akn_article_guv74A_PdPJy1" leos:softmove_label="MOVEDfromArticle4(1),point(b)(i)(1),firstindent" leos:softuser="jane" xml:id="akn_article_guv74A_PdPJy1">
                                                    <num leos:origin="ec" xml:id="akn_article_guv74A_ffiqwX">-</num>
                                                    <content leos:origin="ec" xml:id="akn_article_guv74A_Ik0aHa">
                                                        <p leos:origin="ec" xml:id="akn_article_guv74A_TrZkpa">Indent</p>
                                                    </content>
                                                </indent>
                                            </list>
                                        </point>
                                    </list>
                                </point>
                            </list>
                            <paragraph class="leos-content-new-cn" leos:depth="1" leos:origin="ec" xml:id="akn_article_guv74A_HwWtdf">
                                <num leos:origin="ec" xml:id="akn_article_guv74A_97a2Nb">2.</num>
                                <content leos:origin="ec" xml:id="akn_article_guv74A_A2bzoG">
                                    <p leos:origin="ec" xml:id="akn_article_guv74A_BygcUz">
                                        Paragraph 2
                                        <span class="leos-content-removed-cn"> </span>
                                        <span class="leos-content-new-cn"> </span>
                                    </p>
                                </content>
                            </paragraph>
                        </point>
                    </list>
                </paragraph>
            </article>
        </body>
    </bill>
</akomaNtoso>