<akomaNtoso xmlns="http://docs.oasis-open.org/legaldocml/ns/akn/3.0" xmlns:leos="urn:eu:europa:ec:leos">
    <doc name="ANNEX">
        <mainBody leos:origin="ec" xml:id="_body">
            <level leos:depth="1" leos:origin="ec" xml:id="_body_level_1">
                <num leos:origin="ec" xml:id="_body_level_1_num">1.</num>
                <content leos:origin="ec" xml:id="_body_level_1_content">
                    <p leos:origin="ec" xml:id="_body_level_1_content_p">Text...</p>
                </content>
            </level>
            <level leos:depth="2" leos:origin="ec" xml:id="_body_level_1_1">
                <num leos:origin="ec" xml:id="_body_level_1_1_num">1.1.</num>
                <content leos:origin="ec" xml:id="_body_level_1_1_content">
                    <p leos:origin="ec" xml:id="_body_level_1_1_content_p">Text...</p>
                </content>
            </level>
            <chapter leos:depth="3" leos:origin="ec" xml:id="__akn_title_gYQdvaM">
                <num leos:origin="ec" xml:id="_akn_5bNtMdl">Title #</num>
                <heading leos:origin="ec" xml:id="_akn_qPdOxl2">Title heading...</heading>
                <level leos:depth="3" leos:origin="ec" xml:id="_adkn_level_2GoNeT">
                    <num leos:origin="ec" xml:id="_akn_dXC8dLS">1.1.1.</num>
                    <content leos:origin="ec" xml:id="_akn_GdbUTPA">
                        <p leos:origin="ec" xml:id="_akn_pilhdyD">Text...</p>
                    </content>
                </level>
                <level leos:depth="3" leos:origin="ec" xml:id="_aknd_level_6MpFGc">
                    <num leos:origin="ec" xml:id="_akn_28h5dyU">1.1.2.</num>
                    <content leos:origin="ec" xml:id="_akn_LdOW3xs">
                        <p leos:origin="ec" xml:id="_akn_3Dradlh">Text...</p>
                    </content>
                </level>
            </chapter>
            <level leos:depth="4" leos:origin="cn" xml:id="_akn_level_6pFGc23">
                <num leos:origin="cn" xml:id="_akn_28hyU32">1.1.2.1.</num>
                <content leos:origin="cn" xml:id="_akn_LOWxs23">
                    <p leos:origin="cn" xml:id="_akn_3Dral32">Text...</p>
                </content>
            </level>
            <level leos:depth="4" leos:origin="cn" xml:id="_akn_level_FGc23">
                <num leos:origin="cn" xml:id="_akn_2yU32">1.1.2.2.</num>
                <content leos:origin="cn" xml:id="_akn_LOs23">
                    <p leos:origin="cn" xml:id="_akn_3Dl32">Text...</p>
                </content>
            </level>
            <level leos:depth="4" leos:origin="ec" xml:id="_akn_level_fpooH">
                <num leos:origin="ec" xml:id="_akn_kdlV7">1.1.2.3.</num>
                <content leos:origin="ec" xml:id="_ak_Tk4NZt">
                    <p leos:origin="ec" xml:id="_akn_HnUEB">Text...</p>
                </content>
            </level>

            <title leos:depth="3" leos:origin="ec" xml:id="__akn_title_gYQvaM">
                <num leos:origin="ec" xml:id="_akn_5bNtMl">Title #</num>
                <heading leos:origin="ec" xml:id="_akn_qPOxl2">Title heading...</heading>
                <level leos:depth="3" leos:origin="ec" xml:id="_akn_level_2GoNeT">
                    <num leos:origin="ec" xml:id="_akn_dXC8LS">1.1.3.</num>
                    <content leos:origin="ec" xml:id="_akn_GbUTPA">
                        <p leos:origin="ec" xml:id="_akn_pilhyD">Text...</p>
                    </content>
                </level>
                <level leos:depth="3" leos:origin="ec" xml:id="_akn_level_6MpFGc">
                    <num leos:origin="ec" xml:id="_akn_28h5yU">1.1.4.</num>
                    <content leos:origin="ec" xml:id="_akn_LOW3xs">
                        <p leos:origin="ec" xml:id="_akn_3Dralh">Text...</p>
                    </content>
                </level>
            </title>
            <level leos:depth="4" leos:origin="cn" xml:id="_akn_level_6MpFGc23">
                <num leos:origin="cn" xml:id="_akn_28h5yU32">1.1.4.1.</num>
                <content leos:origin="cn" xml:id="_akn_LOW3xs23">
                    <p leos:origin="cn" xml:id="_akn_3Dralh32">Text...</p>
                </content>
            </level>
            <level leos:depth="4" leos:origin="ec" xml:id="_akn_level_fRpooH">
                <num leos:origin="ec" xml:id="_akn_kdmlV7">1.1.4.2.</num>
                <content leos:origin="ec" xml:id="_akn_Tk4NZt">
                    <p leos:origin="ec" xml:id="_akn_HnlUEB">Text...</p>
                </content>
            </level>
            <level leos:depth="4" leos:origin="cn" xml:id="_akn_level_fRpooH2">
                <num leos:origin="cn" xml:id="_akn_kdmlV72">1.1.4.3.</num>
                <content leos:origin="cn" xml:id="_akn_Tk4NZt2">
                    <p leos:origin="cn" xml:id="_akn_HnlUEB2">Text...</p>
                </content>
            </level>
            <level leos:depth="3" leos:origin="cn" xml:id="_akn_level_6MpFGc2">
                <num leos:origin="cn" xml:id="_akn_28h5yU2">1.1.5.</num>
                <content leos:origin="cn" xml:id="_akn_LOW3xs2">
                    <p leos:origin="cn" xml:id="_akn_3Dralh2">Text...</p>
                </content>
            </level>

        </mainBody>
    </doc>
</akomaNtoso>