<akomaNtoso xmlns="http://docs.oasis-open.org/legaldocml/ns/akn/3.0" xmlns:leos="urn:eu:europa:ec:leos">
	<bill name="REG">
		<body leos:origin="ec" xml:id="body">
			<article leos:deletable="false" leos:origin="ec" xml:id="akn_article_lM2TJQ">
				<num leos:editable="false" leos:origin="ec" xml:id="akn_article_lM2TJQ_FTIeBz">Article 1</num>
				<heading leos:origin="ec" xml:id="akn_article_lM2TJQ_6VzlbA">Assessing affordability of tariffs</heading>
				<paragraph leos:origin="ec" xml:id="akn_article_lM2TJQ_aYDFls">
					<num leos:origin="ec" xml:id="akn_article_lM2TJQ_N6K4UM">1.</num>
					<subparagraph leos:origin="ec" xml:id="akn_article_lM2TJQ_SBzp3L">
						<content leos:origin="ec" xml:id="akn_article_lM2TJQ_D8Sivs">
							<p leos:origin="ec" xml:id="akn_article_lM2TJQ_sdwoHl">The national regulatory authority shall assess the affordability of cross-border tariffs included in the public lists of tariffs obtained in accordance with Article 4(1) within 3 months of receipt of that information. In that assessment, in particular the following elements shall be taken into account:</p>
						</content>
					</subparagraph>
					<list leos:origin="ec" xml:id="akn_article_lM2TJQ_DZ6HWk">
						<point leos:origin="ec" xml:id="akn_article_lM2TJQ_dhYT8g">
							<num leos:origin="ec" xml:id="akn_article_lM2TJQ_zkjXRI">(a)</num>
							<content leos:origin="ec" xml:id="akn_article_lM2TJQ_cas5IY">
								<p leos:origin="ec" xml:id="akn_article_lM2TJQ_wy3jQK">the domestic tariffs of the comparable parcel delivery services in the originating Member State and in the destination Member State;</p>
							</content>
						</point>
						<point leos:origin="ec" xml:id="akn_article_lM2TJQ_F12Xo2">
							<num leos:origin="ec" xml:id="akn_article_lM2TJQ_hqMcpu">(b)</num>
							<content leos:origin="ec" xml:id="akn_article_lM2TJQ_BFyzLg">
								<p leos:origin="ec" xml:id="akn_article_lM2TJQ_IS073g">the terminal rates obtained in accordance with Article 4(3);</p>
							</content>
						</point>
						<point leos:origin="ec" xml:id="akn_article_lM2TJQ_H3r3zg">
							<num leos:origin="ec" xml:id="akn_article_lM2TJQ_f9orVf">(c)</num>
							<content leos:origin="ec" xml:id="akn_article_lM2TJQ_PfuLxo">
								<p leos:origin="ec" xml:id="akn_article_lM2TJQ_BkwZU6">any application of a uniform tariff to two or more Member States.</p>
							</content>
						</point>
					</list>
				</paragraph>
				<paragraph leos:origin="ec" xml:id="akn_article_lM2TJQ_Aei3mv">
					<num leos:origin="ec" xml:id="akn_article_lM2TJQ_iTl9nH">2.</num>
					<content leos:origin="ec" xml:id="akn_article_lM2TJQ_iPWCsF">
						<p leos:origin="ec" xml:id="akn_article_lM2TJQ_M7OZsK">Where the national regulatory authority concludes that cross-border tariffs referred to in paragraph 1 are not affordable, it shall request further necessary information and/or justification in relation to the level of those tariffs from the universal service provider.</p>
					</content>
				</paragraph>
				<paragraph leos:origin="ec" xml:id="akn_article_lM2TJQ_IVKZeS">
					<num leos:origin="ec" xml:id="akn_article_lM2TJQ_hvi0eW">3.</num>
					<content leos:origin="ec" xml:id="akn_article_lM2TJQ_x8Bbud">
						<p leos:origin="ec" xml:id="akn_article_lM2TJQ_ZhzK2P">The universal service provider shall provide the national regulatory authority with the information and/or justification referred to in paragraph 2 within 15 working days of receipt of the request.</p>
					</content>
				</paragraph>
				<paragraph leos:origin="ec" xml:id="akn_article_lM2TJQ-par1">
					<num leos:origin="ec" xml:id="akn_article_lM2TJQ_cnxIU9">4.</num>
					<content leos:origin="ec" xml:id="akn_article_lM2TJQ_5F0nZP">
						<p leos:origin="ec" xml:id="akn_article_lM2TJQ_VGeajW">The national regulatory authority shall submit its assessment, including any information and/or justification provided in accordance with paragraph 3, to the Commission, the national regulatory authorities of the other Member States and the national authorities within the Member State of the submitting national regulatory authority entrusted with the implementation of competition law. A non-confidential version of that assessment shall also be provided to the Commission. That information shall be provided by 31 March of each calendar year at the latest.</p>
					</content>
				</paragraph>
				<paragraph leos:origin="ec" xml:id="akn_article_lM2TJQ_V5UEJF">
					<num leos:origin="ec" xml:id="akn_article_lM2TJQ_iDvhrf">5.</num>
					<content leos:origin="ec" xml:id="akn_article_lM2TJQ_rvTxR9">
						<p leos:origin="ec" xml:id="akn_article_lM2TJQ_cGSkYq">The Commission shall publish the non-confidential version of the assessment provided by the national regulatory authorities in accordance with paragraph 4 on the dedicated website by 30 April of each calendar year at the latest.</p>
					</content>
				</paragraph>
			</article>
		</body>
	</bill>
</akomaNtoso>
