<root xmlns:leos="urn:eu:europa:ec:leos">
    <article leos:deletable="false" leos:editable="false" leos:origin="ec" leos:softuser="demo" xml:id="art_1">
        <num leos:editable="false" leos:origin="ec" xml:id="art_1__num">Article 1</num>
        <heading leos:origin="ec" xml:id="art_1__heading">Scope</heading>
        <paragraph leos:origin="ec" leos:softuser="demo" xml:id="art_1__para_1">
            <num leos:origin="ec" xml:id="art_1__para_1__num">1.</num>
            <subparagraph leos:origin="ec" leos:softaction="trans" leos:softdate="2019-01-29T11:36:13.035+01:00"
                          leos:softuser="demo" xml:id="transformed_art_1__para_1">
                <content xml:id="art_1_lP7CeV">
                    <p xml:id="art_1_wyGWnb">Text...</p>
                </content>
            </subparagraph>
            <subparagraph leos:origin="cn" leos:softaction="add" leos:softdate="2019-01-29T11:36:13.037+01:00"
                          leos:softuser="demo" xml:id="art_1_e0303i">
                <content xml:id="art_1_0SOAi3">
                    <p xml:id="art_1_NPExjj">as as as</p>
                </content>
            </subparagraph>
        </paragraph>
        <paragraph leos:origin="cn" leos:softaction="add" leos:softdate="2019-01-29T11:22:42.155+01:00"
                   leos:softuser="demo" xml:id="akn_art_para_OQTUpc">
            <num xml:id="art_1_hNZU6V">1a.</num>
            <subparagraph leos:origin="cn" leos:softaction="add" leos:softdate="2019-01-29T11:36:13.055+01:00"
                          leos:softuser="demo" xml:id="art_1_Bw0s3c">
                <content xml:id="art_1_WwmL3d">
                    <p xml:id="art_1_0ciZrg">Paragraph</p>
                </content>
            </subparagraph>
            <subparagraph leos:origin="cn" leos:softaction="add" leos:softdate="2019-01-29T11:36:13.070+01:00"
                          leos:softuser="demo" xml:id="art_1_mUjRT9">
                <content xml:id="art_1_WmFdLo">
                    <p xml:id="art_1_kXVvwh">For calculating the value of exposures for the purposes of Article 395(1)
                        an institution may use the
                        'fully adjusted exposure value' as calculated under Part Three, Title II, Chapter 4 taking into
                        account the credit
                        risk mitigation,
                    </p>
                </content>
            </subparagraph>
            <subparagraph leos:origin="cn" leos:softaction="splitted" leos:softdate="2022-06-17T09:30:29.193+02:00"
                          leos:softuser="demo(DIGIT)" xml:id="splitted_art_1_PXd1Bx">
                <content xml:id="splitted_art_1_JlttGn">
                    <p xml:id="splitted_art_1_pIRiM5">volatility adjustments, and any maturity mismatch (E*).</p>
                </content>
            </subparagraph>
        </paragraph>
    </article>
</root>