<recital leos:origin="ec" xml:id="akn_recital_nsxi7L" leos:editable="true">
    <num leos:origin="ec" xml:id="recs_6jhVre">
        (6)
    </num>
    <p leos:origin="ec" xml:id="recs_YWSt5l">Currently, postal services are regulated by Directive 97/67/EC of the European Parliament and of the Council <del class="revised">
        <authorialNote leos:origin="ec" xml:id="deleted_deleted_deleted_recs_w33BYF" marker="4">
            <p leos:origin="ec" xml:id="deleted_deleted_deleted_recs_Y1RGfM">Directive 97/67/EC of the European Parliament and of the Council of 15 December 1997 on common rules for the development of the internal market of Community postal services and the improvement of quality of service (OJ L 1, 21.1.1998, p 14 - 25). </p>
        </authorialNote> . This </del><del class="verification"></del><del class="revised">
        <authorialNote leos:origin="ec" xml:id="deleted_1_deleted_1_deleted_1_recs_w33BYF" marker="4">
            <p leos:origin="ec" xml:id="deleted_1_deleted_1_deleted_1_recs_Y1RGfM">Directive establishes common rules governing the provision of postal services and the universal postal service in the Union. It focuses primarily, but not exclusively, on national universal services and does not address regulatory oversight of parcel delivery service providers, transparency of tariffs and terminal rates for certain cross-border parcel delivery services, the assessment of the affordability of tariffs for certain cross-border parcel delivery services and transparent and non-discriminatory access to certain cross-border parcel delivery services and/or infrastructure. the improvement of quality of service (OJ L 15, 21.1.1998, p 14). </p>
        </authorialNote></del><del class="verification">
        <authorialNote leos:origin="ec" xml:id="deleted_2_deleted_2_deleted_2_recs_w33BYF" marker="4">
            <p leos:origin="ec" xml:id="deleted_2_deleted_2_deleted_2_recs_Y1RGfM">Directive 97/67/EC of the European Parliament and of the Council of 15 December 1997 on common rules for the development of the internal market of Community postal services and the improvement of quality of service (OJ L 15, 21.1.1998, p 14). </p>
        </authorialNote></del><ins class="verification">
        <authorialNote leos:origin="ec" xml:id="recs_w33BYF" marker="4">
            <p leos:origin="ec" xml:id="recs_Y1RGfM">Directive 97/67/EC of the European Parliament and of the Council of 15 December 1997 on common rules for the development of the internal market of Community postal services and the improvement of quality of service (OJ L 15, 21.1.1998, p 14 - 25). </p>
        </authorialNote></ins><ins class="revised"> . That Directive establishes common rules governing the provision of postal services and the universal postal service in the Union. </ins><ins class="verification">It focuses primarily, but not exclusively, on national universal services and does not address regulatory oversight of parcel delivery service providers. Compliance with the minimum universal service requirements laid down in the directive is ensured by national regulatory authorities designated by the Member States. </ins>This Regulation<del class="revised"> therefore</del><ins class="verification">, therefore,</ins> complements, insofar as<ins class="revised"> cross-border</ins><del class="verification"> </del><ins class="verification"> </ins><del class="revised"> cross-border </del>parcel delivery services are concerned, the<del class="verification"> </del><ins class="verification"> </ins>rules set out in Directive 97/67/EC<ins class="verification">. The provisions of this Regulation are without prejudice to the rights and guarantees set out in that Directive including in particular the continued provision of a universal postal service to users</ins>. </p>
</recital>