<akomaNtoso xmlns="http://docs.oasis-open.org/legaldocml/ns/akn/3.0" xmlns:leos="urn:eu:europa:ec:leos">
    <doc name="EXPL_COUNCIL">

        <meta>
        </meta>
        <preface xml:id="_preface">
        </preface>

        <mainBody xml:id="body">
            <division class="type_4" xml:id="body_division_8">
                <num>#</num>
                <heading>will be renumbered to I.</heading>
            </division>
            <division class="type_1" xml:id="body_division_1">
                <num>#</num>
                <heading>will be renumbered to II.</heading>
            </division>
            <level leos:depth="1" xml:id="body_level_1">
                <num xml:id="body_level_1_num">1.</num>
                <content xml:id="body_level_1_content">
                    <p xml:id="body_level_1_content_p">Text...</p>
                </content>
            </level>
            <division class="type_1" xml:id="body_division_2">
                <num>#</num>
                <heading>will be renumbered to III.</heading>
            </division>
            <level leos:depth="1" xml:id="body_level_2">
                <num xml:id="body_level_2_num">2.</num>
                <content xml:id="body_level_2_content">
                    <p xml:id="body_level_2_content_p">Text...</p>
                </content>
            </level>
            <division class="type_2" xml:id="body_division_3">
                <num>A.</num>
                <heading>TEXT…</heading>
            </division>
            <division class="type_1" xml:id="body_division_4">
                <num>#</num>
                <heading>will be renumbered to IV.</heading>
            </division>
            <division class="type_2" xml:id="body_division_5">
                <num>A.</num>
                <heading>TEXT…</heading>
            </division>
            <division class="type_3" xml:id="body_division_6">
                <num>I)</num>
                <heading>TEXT…</heading>
            </division>
            <division class="type_4" xml:id="body_division_7">
                <num>A)</num>
                <heading>TEXT…</heading>
            </division>
            <division class="type_1" xml:id="body_division_9">
                <num>#</num>
                <heading>will be renumbered to V.</heading>
            </division>
            <division class="type_1" xml:id="body_division_10">
                <num>#</num>
                <heading>will be renumbered to VI.</heading>
            </division>
        </mainBody>
    </doc>
</akomaNtoso>