<akomaNtoso xmlns="http://docs.oasis-open.org/legaldocml/ns/akn/3.0" xmlns:leos="urn:eu:europa:ec:leos">
    <doc name="EXPL_COUNCIL">

        <meta>
        </meta>
        <preface xml:id="_preface">
        </preface>

        <mainBody xml:id="body">
            <division class="type_1" xml:id="body_division_1">
                <num>I.</num>
                <heading>TEXT…</heading>
            </division>
            <level leos:depth="1" xml:id="body_level_1">
                <num xml:id="body_level_1_num">1.</num>
                <content xml:id="body_level_1_content">
                    <p xml:id="body_level_1_content_p">Text...</p>
                </content>
            </level>
            <level leos:depth="1" xml:id="body_level_24">
                <num xml:id="body_level_24_num">#.</num>
                <subparagraph refersTo="~_INP" xml:id="body_level_24_subparagraph_1">
                    <content xml:id="body_level_24_subparagraph_1_content">
                        <p xml:id="body_level_24_subparagraph_1_content__p">Should be </p>
                    </content>
                </subparagraph>
                <list xml:id="body_level_24_list_1">
                    <indent xml:id="body_level_24_list_1_indent_1">
                        <num xml:id="body_level_24_list_1_indent_1_num">(a)</num>
                        <content xml:id="body_level_24_list_1_indent_1_content">
                            <p xml:id="body_level_24_list_1_indent_1_content__p">should be (a)</p>
                        </content>
                    </indent>
                    <indent xml:id="body_level_24_list_1_indent_2">
                        <num xml:id="body_level_24_list_1_indent_2_num">(b)</num>
                        <content xml:id="body_level_24_list_1_indent_2_content">
                            <p xml:id="body_level_24_list_1_indent_2_content__p">should be (b)</p>
                        </content>
                    </indent>
                </list>
            </level>
            <division class="type_1" xml:id="body_division_2">
                <num>II.</num>
                <heading>TEXT…</heading>
            </division>
            <level leos:depth="1" xml:id="body_level_2">
                <num xml:id="body_level_2_num">2.</num>
                <content xml:id="body_level_2_content">
                    <p xml:id="body_level_2_content_p">Text...</p>
                </content>
            </level>
            <division class="type_2" xml:id="body_division_3">
                <num>A.</num>
                <heading>TEXT…</heading>
            </division>
            <division class="type_1" xml:id="body_division_4">
                <num>III.</num>
                <heading>TEXT…</heading>
            </division>
            <division class="type_2" xml:id="body_division_5">
                <num>A.</num>
                <heading>TEXT…</heading>
            </division>
            <division class="type_3" xml:id="body_division_6">
                <num>I)</num>
                <heading>TEXT…</heading>
            </division>
            <division class="type_4" xml:id="body_division_7">
                <num>A)</num>
                <heading>TEXT…</heading>
            </division>
            <division class="type_4" xml:id="body_division_8">
                <num>B)</num>
                <heading>TEXT…</heading>
            </division>
            <division class="type_1" xml:id="body_division_9">
                <num>IV.</num>
                <heading>TEXT…</heading>
            </division>
            <division class="type_1" xml:id="body_division_10">
                <num>V.</num>
                <heading>TEXT…</heading>
            </division>
        </mainBody>
    </doc>
</akomaNtoso>