<akomaNtoso xmlns="http://docs.oasis-open.org/legaldocml/ns/akn/3.0" xmlns:leos="urn:eu:europa:ec:leos">
    <recital leos:editable="true" leos:origin="ec" xml:id="akn_recital_fgyNN5">
        <num leos:origin="ec" xml:id="recs_vPMXt9">(22)</num>
        <p leos:origin="ec" xml:id="recs_M8QhF7">In order to ensure uniform conditions for the implementation of
            <span class="leos-double-compare-removed-original">the obligation for parcel delivery providers to submit
                information to national regulatory authorities
            </span>
            <span class="leos-double-compare-added-original">this Regulation</span>, implementing powers should be
            conferred on the Commission to <span class="leos-double-compare-removed-original"></span>
            <span class="leos-double-compare-added-original"></span> establish a <span
                    class="leos-double-compare-removed-original"></span>
            <span class="leos-double-compare-added-original"></span> form for the submission of such information<span
                    class="leos-double-compare-added-original">by parcel delivery service providers to national
                regulatory authorities</span>. Those powers should be exercised in accordance with <span
                    class="leos-double-compare-added-original">Regulation
            </span>
            <span class="leos-double-compare-removed-original">Regulation</span> (EU) No 182/2011 of the European
            Parliament and of the Council
            <span class="leos-double-compare-removed-original">
                <authorialNote leos:origin="ec" marker="5" xml:id="deleted_recs_NLHLjg">
                    <p leos:origin="ec" xml:id="deleted_recs_PkrzW7">Regulation (EU) 182/2011 of the European Parliament and of the
                        Council of 16 February 2011 laying down the rules and general principles concerning mechanisms for
                        control by the Member States of the Commission's exercise of implementing powers (OJ L 55,
                        28.2.2011, p. 13 - 18).
                    </p>
                </authorialNote>
            </span>
            <span class="leos-double-compare-removed-intermediate">
                <authorialNote leos:origin="ec" marker="8" xml:id="deleted_recs_NLHLjg_1">
                    <p leos:origin="ec" xml:id="deleted_recs_PkrzW7_1">Regulation (EU) 182/2011 of the European
                        Parliament and of the Council of 16 February 2011 laying down the rules and general principles
                        concerning mechanisms for control by the Member States of the Commission's exercise of
                        implementing powers (OJ L 55, 28.2.2011, p. 13).
                    </p>
                </authorialNote>
            </span>
            <span class="leos-double-compare-added-intermediate">
                <authorialNote leos:origin="ec" marker="8" xml:id="recs_NLHLjg_2">
                    <p leos:origin="ec" xml:id="recs_PkrzW7_2">Regulation (EU) 182/2011 of the European Parliament and
                        of the Council of 16 February 2011 laying down the principles concerning mechanisms for control
                        by the Member States of the Commission's exercise of implementing powers (OJ L 55, 28.2.2011, p.
                        13).
                    </p>
                </authorialNote>
            </span>
            .
        </p>
    </recital>
</akomaNtoso>