<akomaNtoso xmlns="http://docs.oasis-open.org/legaldocml/ns/akn/3.0" xmlns:leos="urn:eu:europa:ec:leos">
    <bill name="REG">
        <body leos:origin="ec" xml:id="body">
            <article leos:autonumbering="true" leos:deletable="false" leos:editable="true" leos:origin="ec" xml:id="art_1">
                <num leos:editable="false" leos:origin="ec" xml:id="art_1__num">Article 1</num>
                <heading leos:origin="ec" xml:id="art_1__heading">Paragraphs-Subparagraphs</heading>
                <paragraph leos:origin="ec" xml:id="art_1_cWS5uc">
                    <num leos:origin="ec" xml:id="art_1_gKDGvA">1.</num>
                    <content leos:origin="ec" xml:id="art_1_OB7gPz">
                        <p leos:origin="ec" xml:id="art_1_MyuFrN">par 1</p>
                    </content>
                </paragraph>
            </article>
            <article class="leos-content-removed-cn" leos:deletable="false" leos:editable="false" leos:origin="cn" leos:softaction="add"
                     leos:softdate="2021-09-23T17:11:05.685+02:00" leos:softuser="jane" xml:id="imp_art_d2e369_5QTSPT">
                <num xml:id="imp_art_d2e369_5QTSPT_RWkiqg">Article 1a</num>
                <heading xml:id="imp_art_d2e369_5QTSPT_dXXIoP">Subject matter</heading>
                <paragraph leos:origin="cn" leos:softaction="add" leos:softdate="2021-09-23T17:11:05.685+02:00" leos:softuser="jane"
                           xml:id="imp_art_d2e369_5QTSPT_VtiFKe">
                    <content xml:id="imp_art_d2e369_5QTSPT_EPHTJO">
                        <p xml:id="imp_art_d2e369_5QTSPT_FyKplm">first new article</p>
                    </content>
                </paragraph>
            </article>
            <article class="leos-content-removed-cn" leos:deletable="false" leos:editable="false" leos:origin="cn" leos:softaction="add"
                     leos:softdate="2021-09-23T17:11:05.704+02:00" leos:softuser="jane" xml:id="imp_art_d2e629_nlmwfd">
                <num xml:id="imp_art_d2e629_nlmwfd_3EUxZX">Article 1b</num>
                <heading xml:id="imp_art_d2e629_nlmwfd_AgIJmg">Entry into force</heading>
                <paragraph leos:origin="cn" leos:softaction="add" leos:softdate="2021-09-23T17:11:05.704+02:00" leos:softuser="jane"
                           xml:id="imp_art_d2e629_nlmwfd_J7C7Pc">
                    <content xml:id="imp_art_d2e629_nlmwfd_uiylKA">
                        <p xml:id="imp_art_d2e629_nlmwfd_gbyFQi">second new article
                            <i xml:id="imp_art_d2e629_nlmwfd_62BYVQ">Official Journal of the European Union</i>
                            .
                        </p>
                    </content>
                </paragraph>
            </article>
            <article class="leos-content-removed-cn" leos:deletable="false" leos:editable="false" leos:origin="cn" leos:softaction="add"
                     leos:softdate="2021-09-23T17:11:05.705+02:00" leos:softuser="jane" xml:id="imp_art_d2e639_C5JeuX">
                <num xml:id="imp_art_d2e639_C5JeuX_jWuPsa">Article 2k</num>
                <heading xml:id="imp_art_d2e639_C5JeuX_AtgDyf">Addressees</heading>
                <paragraph leos:origin="cn" leos:softaction="add" leos:softdate="2021-09-23T17:11:05.705+02:00" leos:softuser="jane"
                           xml:id="imp_art_d2e639_C5JeuX_9Gvs1c">
                    <content xml:id="imp_art_d2e639_C5JeuX_oK0cd3">
                        <p xml:id="imp_art_d2e639_C5JeuX_Zi0jix">third new article</p>
                    </content>
                </paragraph>
            </article>
            <article leos:autonumbering="true" leos:deletable="false" leos:editable="true" leos:origin="ec" xml:id="art_2">
                <num leos:editable="false" leos:origin="ec" xml:id="art_2__num">Article 2</num>
                <heading leos:origin="ec" xml:id="art_2__heading">Entry into force</heading>
                <paragraph leos:origin="ec" xml:id="art_2__para_1">
                    <content leos:origin="ec" xml:id="art_2__para_1__content">
                        <p leos:origin="ec" xml:id="art_2__para_1__content__p">article 2</p>
                    </content>
                </paragraph>
            </article>
            <clause leos:alternative="true" leos:deletable="true" leos:editable="true" leos:optionlist="listOption1" leos:origin="ec" leos:selectedoption="1" xml:id="clause_1">
                <content leos:origin="ec" xml:id="clause_1__content">
                    <p leos:origin="ec" xml:id="clause_1__content__p">clause</p>
                </content>
            </clause>
        </body>
    </bill>
</akomaNtoso>