<akomaNtoso xmlns="http://docs.oasis-open.org/legaldocml/ns/akn/3.0" xmlns:leos="urn:eu:europa:ec:leos">
    <bill name="REG">
        <body leos:origin="ec" xml:id="body">
            <article leos:origin="ec" xml:id="art_1" leos:editable="false"
                     leos:deletable="false">
                <num leos:origin="ec" leos:editable="false" xml:id="art_1__num">Article 1</num>
                <heading leos:origin="ec" xml:id="art_1__heading">Scope</heading>
                <paragraph leos:origin="ec" xml:id="art_1__para_1">
                    <num leos:origin="ec" xml:id="art_1__para_1__num">1.</num>
                    <content leos:origin="ec" xml:id="art_1__para_1__content">
                        <p leos:origin="ec" xml:id="art_1__para_1__content__p">Text...</p>
                    </content>
                </paragraph>
                <paragraph leos:origin="ec" xml:id="art_1_I7ywgI">
                    <num leos:origin="ec" xml:id="art_1_nQB2l8">2.</num>
                    <subparagraph leos:origin="ec" xml:id="art_1_RMkG0l">
                        <content leos:origin="ec" xml:id="art_1_TU6AkT">
                            <p leos:origin="ec" xml:id="art_1_ysA1aB">TEST</p>
                        </content>
                    </subparagraph>
                    <list leos:origin="ec" xml:id="art_1_LLHZfr">
                        <point leos:origin="ec" xml:id="art_1_39XCjs">
                            <num leos:origin="ec" xml:id="art_1_xKMAZV">(a)</num>
                            <content leos:origin="ec" xml:id="art_1_8uwW2Y">
                                <p leos:origin="ec" xml:id="art_1_sO0nQe">New Text</p>
                            </content>
                        </point>
                    </list>
                </paragraph>
            </article>
            <article xml:id="akn_article_a8Pa0V" leos:softaction="add"
                     leos:softactionroot="true" leos:softuser="jane"
                     leos:softdate="2020-10-05T18:56:35.856+02:00" leos:depth="1"
                     leos:origin="cn" class="leos-double-compare-added-original">
                <num xml:id="akn_article_a8Pa0V_zgmVB3" leos:editable="false">
                    <span class="leos-double-compare-added-original">Article 1a</span>
                </num>
                <heading xml:id="akn_article_a8Pa0V_NXNXfX">
                    <span class="leos-double-compare-added-original">Article heading...</span>
                </heading>
                <paragraph leos:origin="cn" leos:softaction="add"
                           leos:softuser="jane" leos:softdate="2020-10-05T18:56:35.860+02:00"
                           xml:id="akn_article_a8Pa0V-par1"
                           class="leos-double-compare-added-original">
                    <num xml:id="akn_article_a8Pa0V_CN28JP">
                        <span class="leos-double-compare-added-original">1.</span>
                    </num>
                    <content xml:id="akn_article_a8Pa0V_gaCDBr">
                        <p xml:id="akn_article_a8Pa0V_gfLjM2">
                            <span class="leos-double-compare-added-original">Text...</span>
                        </p>
                    </content>
                </paragraph>
            </article>
            <article xml:id="akn_article_zxcb3" leos:softaction="add"
                     leos:softactionroot="true" leos:softuser="jane"
                     leos:softdate="2020-10-05T18:56:35.856+02:00" leos:depth="1"
                     leos:origin="cn" class="leos-double-compare-added-original">
                <num xml:id="akn_article_zxcb3_zgmVB3" leos:editable="false">
                    <span class="leos-double-compare-added-original">Article 1b</span>
                </num>
                <heading xml:id="akn_article_zxcb3_NXNXfX">
                    <span class="leos-double-compare-added-original">Article heading...</span>
                </heading>
                <paragraph leos:origin="cn" leos:softaction="add"
                           leos:softuser="jane" leos:softdate="2020-10-05T18:56:35.860+02:00"
                           xml:id="akn_article_zxcb3-par1" class="leos-double-compare-added-original">
                    <num xml:id="akn_article_zxcb3_CN28JP">
                        <span class="leos-double-compare-added-original">1.</span>
                    </num>
                    <content xml:id="akn_article_zxcb3_gaCDBr">
                        <p xml:id="akn_article_zxcb3_gfLjM2">
                            <span class="leos-double-compare-added-original">New Text...</span>
                        </p>
                    </content>
                </paragraph>
            </article>
            <article leos:editable="false" leos:deletable="false"
                     leos:origin="ec" xml:id="deleted_akn_article_nY5NnC"
                     leos:softaction="del" leos:softactionroot="true" leos:softuser="jane"
                     leos:softdate="2020-10-05T18:56:42.898+02:00"
                     class="leos-double-compare-removed-intermediate">
                <num leos:origin="ec" xml:id="deleted_akn_article_nY5NnC_xfZPPT"
                     leos:editable="false" leos:deletable="false"
                     class="leos-double-compare-removed-intermediate">Article 2</num>
                <heading leos:origin="ec"
                         xml:id="deleted_akn_article_nY5NnC_Y2xhx4" leos:editable="false"
                         leos:deletable="false"
                         class="leos-double-compare-removed-intermediate">Article heading...</heading>
                <paragraph leos:origin="ec"
                           xml:id="deleted_akn_article_nY5NnC-par1" leos:depth="1"
                           leos:editable="false" leos:deletable="false" leos:softaction="del"
                           leos:softactionroot="false" leos:softuser="jane"
                           leos:softdate="2020-10-05T18:56:42.898+02:00"
                           class="leos-double-compare-removed-intermediate">
                    <num leos:origin="ec" xml:id="deleted_akn_article_nY5NnC_ZCEjR0"
                         leos:editable="false" leos:deletable="false"
                         class="leos-double-compare-removed-intermediate">1.</num>
                    <content leos:origin="ec"
                             xml:id="deleted_akn_article_nY5NnC_G7gxqF" leos:editable="false"
                             leos:deletable="false"
                             class="leos-double-compare-removed-intermediate">
                        <p leos:origin="ec" xml:id="deleted_akn_article_nY5NnC_U6kCwW"
                           leos:editable="false" leos:deletable="false"
                           class="leos-double-compare-removed-intermediate">Text...</p>
                    </content>
                </paragraph>
            </article>
            <article leos:origin="ec" xml:id="art_2" leos:editable="false"
                     leos:deletable="false">
                <num leos:origin="ec" leos:editable="false" xml:id="art_2__num">Article 4</num>
                <heading leos:origin="ec" xml:id="art_2__heading">Entry into force</heading>
                <paragraph leos:origin="ec" xml:id="art_2_STWr0M">
                    <content leos:origin="ec" xml:id="art_2_D961l7">
                        <p leos:origin="ec" xml:id="art_2_anlErk">This Regulation shall
                            enter into force
                            on the [...]
                        </p>
                    </content>
                </paragraph>
                <paragraph leos:origin="ec" xml:id="art_2__para_1">
                    <content leos:origin="ec" xml:id="art_2__para_1__content">
                        <p leos:origin="ec" xml:id="art_2__para_1__content__p">
                            day following that of its publication in the
                            <i leos:origin="ec" xml:id="art_2__para_1__content__p__i">Official Journal of the European Union
                            </i>
                            .
                        </p>
                    </content>
                </paragraph>
            </article>
        </body>
    </bill>
</akomaNtoso>