<akomaNtoso xmlns="http://docs.oasis-open.org/legaldocml/ns/akn/3.0" xmlns:leos="urn:eu:europa:ec:leos">
    <bill name="REG">
        <body leos:origin="ec" xml:id="body">
            <article leos:origin="ec" xml:id="art_1" leos:editable="false" leos:deletable="false">
                <num leos:origin="ec" leos:editable="false" xml:id="art_1__num">Article 1</num>
                <heading leos:origin="ec" xml:id="art_1__heading">Scope</heading>
                <paragraph leos:origin="ec" xml:id="art_1__para_1">
                    <num leos:origin="ec" xml:id="art_1__para_1__num">1.</num>
                    <content leos:origin="ec" xml:id="art_1__para_1__content">
                        <p leos:origin="ec" xml:id="art_1__para_1__content__p">Article 1 content</p>
                    </content>
                </paragraph>
            </article>

            <article xml:id="art_1a" leos:softaction="add" leos:softactionroot="true" leos:softuser="jane"
                     leos:softdate="2020-09-21T21:00:00.000+00:00" leos:depth="1" leos:origin="cn"
                     class="leos-double-compare-added-original">
                <num xml:id="art_1a_num" leos:editable="false">
                    <span class="leos-double-compare-added-original">Article 1a</span>
                </num>
                <heading xml:id="art_1a_heading">
                    <span class="leos-double-compare-added-original">Article heading...</span>
                </heading>
                <paragraph leos:origin="cn" leos:softaction="add" leos:softuser="jane"
                           leos:softdate="2020-09-21T21:00:00.000+00:00" xml:id="art_1a-par1" leos:depth="1"
                           class="leos-double-compare-added-original">
                    <num xml:id="art_1a_para_1_num">
                        <span class="leos-double-compare-added-original">1.</span>
                    </num>
                    <subparagraph leos:origin="cn" xml:id="art_1a_para_1_subpara_1" leos:softaction="add"
                                  leos:softactionroot="true" leos:softuser="jane" leos:softdate="2020-09-21T21:00:00.000+00:00"
                                  class="leos-double-compare-added-original">
                        <content xml:id="art_1a_para_1_subpara_1_content">
                            <p xml:id="art_1a_para_1_subpara_1_content_p">
                                <span class="leos-double-compare-added-original">Article1a startingContent</span>
                            </p>
                        </content>
                    </subparagraph>
                    <list xml:id="art_1a_list" leos:softaction="add" leos:softactionroot="true" leos:softuser="jane"
                          leos:softdate="2020-09-21T21:00:00.000+00:00" leos:origin="cn" leos:depth="2"
                          class="leos-double-compare-added-intermediate">
                        <point leos:origin="cn" leos:softaction="add" leos:softuser="jane"
                               leos:softdate="2020-09-21T21:00:00.000+00:00" xml:id="art_1a_point_a">
                            <num xml:id="art_1a_point_a_num" leos:editable="false">
                                <span class="leos-double-compare-added-intermediate">(a)</span>
                            </num>
                            <content xml:id="art_1a_point_a_content">
                                <p xml:id="art_1a_point_a_content_p">
                                    <span class="leos-double-compare-added-intermediate">startingContentPointA</span>
                                </p>
                            </content>
                        </point>
                    </list>
                </paragraph>
            </article>

            <article leos:origin="ec" xml:id="art_2" leos:editable="false" leos:deletable="false">
                <num leos:origin="ec" leos:editable="false" xml:id="art_2__num">Article 2</num>
                <heading leos:origin="ec" xml:id="art_2__heading">Scope</heading>
                <paragraph leos:origin="ec" xml:id="art_2__para_1" leos:depth="1">
                    <num leos:origin="ec" xml:id="art_2__para_1__num">1.</num>
                    <content leos:origin="ec" xml:id="art_2__para_1__content">
                        <p leos:origin="ec" xml:id="art_2__para_1__content__p">Article 2 content</p>
                    </content>
                </paragraph>
            </article>
        </body>
    </bill>
</akomaNtoso>