<?xml-stylesheet type="text/css" href="renditions/html/css/bill.css"?>
<akomaNtoso xmlns="http://docs.oasis-open.org/legaldocml/ns/akn/3.0" xmlns:leos="urn:eu:europa:ec:leos">
	<bill name="REG">
		<body leos:origin="ec" xml:id="body">
			<article leos:deletable="false" leos:origin="ec" xml:id="akn_article_ebFhaW">
				<num leos:editable="false" leos:origin="ec" xml:id="akn_article_ebFhaW_nC3JXH">Article 2</num>
				<heading leos:origin="ec" xml:id="akn_article_ebFhaW_oJhPz3">Points-Subpoints</heading>
				<paragraph leos:indent-origin-indent-level="4" leos:indent-origin-type="OTHER_SUBPOINT" leos:origin="ec" leos:softaction="trans" leos:softactionroot="true" leos:softdate="2021-12-02T15:41:29.505+01:00" leos:softuser="demo" xml:id="transformed_akn_article_ebFhaW_EXRv7x">
					<num leos:origin="cn" xml:id="_num_RYlrF6">1.</num>
					<subparagraph leos:origin="ec" xml:id="akn_article_ebFhaW_EXRv7x">
						<content leos:origin="ec" xml:id="akn_article_ebFhaW_XCnEA2">
							<p leos:origin="ec" xml:id="akn_article_ebFhaW_hC0jj4">Par 1.</p>
						</content>
					</subparagraph>
					<list leos:origin="ec" xml:id="akn_article_ebFhaW_G8ZzhG">
						<point leos:indent-origin-indent-level="4" leos:indent-origin-type="OTHER_SUBPOINT" leos:origin="ec" leos:softaction="trans" leos:softactionroot="true" leos:softdate="2021-12-02T15:41:29.506+01:00" leos:softuser="demo" xml:id="transformed_akn_article_ebFhaW_qxNs2C">
							<num leos:origin="cn" xml:id="_num_KSee1g">(a)</num>
							<alinea leos:origin="ec" xml:id="akn_article_ebFhaW_qxNs2C">
								<content leos:origin="ec" xml:id="akn_article_ebFhaW_uJ1SEb">
									<p leos:origin="ec" xml:id="akn_article_ebFhaW_NZNmz4">Point (a)</p>
								</content>
							</alinea>
							<list leos:origin="ec" xml:id="_lis_rq6wPE">
								<point leos:indent-origin-indent-level="4" leos:indent-origin-num="-" leos:indent-origin-num-id="akn_article_ebFhaZ_XRXtjV" leos:indent-origin-num-origin="ec" leos:indent-origin-type="POINT" leos:origin="ec" leos:softaction="trans" leos:softactionroot="true" leos:softdate="2021-12-02T15:41:29.506+01:00" leos:softuser="demo" xml:id="transformed_akn_article_ebFhaW_aCPDNb">
									<num leos:origin="cn" xml:id="akn_article_ebFhaZ_XRXtjV">(i)</num>
									<alinea leos:origin="ec" xml:id="akn_article_ebFhaW_aCPDNb">
										<content leos:origin="ec" xml:id="akn_article_ebFhaZ_xRZkW7">
											<p leos:origin="ec" xml:id="akn_article_ebFhaZ_kSgpRW">Point (i)</p>
										</content>
									</alinea>
									<list leos:origin="ec" xml:id="_lis_xRd9Lg">
										<point leos:indent-origin-indent-level="4" leos:indent-origin-num="-" leos:indent-origin-num-id="akn_article_ebFhaW_LWBw1F" leos:indent-origin-num-origin="ec" leos:indent-origin-type="POINT" leos:origin="ec" leos:softaction="trans" leos:softactionroot="true" leos:softdate="2021-12-02T15:41:29.506+01:00" leos:softuser="demo" xml:id="transformed_akn_article_ebFhaW_307JOL">
											<num leos:origin="cn" xml:id="akn_article_ebFhaW_LWBw1F">(1)</num>
											<alinea leos:origin="ec" xml:id="akn_article_ebFhaW_307JOL">
												<content leos:origin="ec" xml:id="akn_article_ebFhaW_msIglw">
													<p leos:origin="ec" xml:id="akn_article_ebFhaW_DgSt5g">Point (1)</p>
												</content>
											</alinea>
											<list leos:origin="ec" xml:id="_lis_lx4Pfs">
												<indent leos:origin="ec" xml:id="akn_article_ebFhaW_9GxqxT">
													<num leos:origin="ec" xml:id="akn_article_ebFhaW_HMyEvN">-</num>
													<content leos:origin="ec" xml:id="akn_article_ebFhaW_DY3cSH">
														<p leos:origin="ec" xml:id="akn_article_ebFhaW_R8CE0A">Point -</p>
													</content>
												</indent>
											</list>
										</point>
									</list>
								</point>
							</list>
						</point>
					</list>
				</paragraph>
			</article>
		</body>
	</bill>
</akomaNtoso>