<akomaNtoso xmlns="http://docs.oasis-open.org/legaldocml/ns/akn/3.0" xmlns:leos="urn:eu:europa:ec:leos">
    <bill name="REG">
        <body leos:origin="ec" xml:id="body">
            <article leos:origin="ec" xml:id="art_1">
                <num leos:origin="ec" xml:id="art_1__num">Article 1</num>
                <heading leos:origin="ec" xml:id="art_1__heading">Paragraphs-Subparagraphs</heading>
                <paragraph leos:origin="ec" leos:softaction="move_from" leos:softactionroot="true" leos:softdate="2021-12-01T10:49:41.218+01:00" leos:softmove_from="moved_art_1_cWS5uc" leos:softmove_label="MOVED from Article 1(2)" leos:softuser="demo" xml:id="art_1_cWS5uc">
                    <num leos:origin="cn" xml:id="art_1_gKDGvA">-1.</num>
                    <subparagraph leos:origin="ec" leos:softaction="move_from" leos:softactionroot="false" leos:softdate="2021-12-01T10:49:41.203+01:00" leos:softmove_from="moved_art_1_SWueb9" leos:softmove_label="MOVED from Article 1(2), first subparagraph" leos:softuser="demo" xml:id="art_1_SWueb9">
                        <content leos:origin="ec" xml:id="art_1_OB7gPz">
                            <p leos:origin="ec" xml:id="art_1_MyuFrN">sub1</p>
                        </content>
                    </subparagraph>
                    <subparagraph leos:origin="ec" leos:softaction="move_from" leos:softactionroot="false" leos:softdate="2021-12-01T10:49:41.203+01:00" leos:softmove_from="moved_art_1_Szhnjy" leos:softmove_label="MOVED from Article 1(2), first subparagraph" leos:softuser="demo" xml:id="art_1_Szhnjy">
                        <content leos:origin="ec" xml:id="art_1_6MNx7g">
                            <p leos:origin="ec" xml:id="art_1_VlvQIt">sub2</p>
                        </content>
                    </subparagraph>
                    <list leos:origin="cn" leos:softaction="move_from" leos:softactionroot="false" leos:softdate="2021-12-01T10:49:41.218+01:00" leos:softmove_from="moved_art_1_quez9c" leos:softmove_label="MOVED from Article 1(2)" leos:softuser="demo" xml:id="art_1_quez9c">
                        <point leos:origin="ec" leos:softaction="move_from" leos:softactionroot="false" leos:softdate="2021-12-01T10:49:41.218+01:00" leos:softmove_from="moved_art_1_CgrLVv" leos:softmove_label="MOVED from Article 1(2), point (a)" leos:softuser="demo" xml:id="art_1_CgrLVv">
                            <num leos:origin="cn" xml:id="art_1_bMM8M3">(a)</num>
                            <alinea leos:origin="ec" leos:softaction="move_from" leos:softactionroot="false" leos:softdate="2021-12-01T10:49:41.218+01:00" leos:softmove_from="moved_art_1_lknqOD" leos:softmove_label="MOVED from Article 1(2), point (a), first subparagraph" leos:softuser="demo" xml:id="art_1_lknqOD">
                                <content leos:origin="ec" xml:id="art_1_OOjjcP">
                                    <p leos:origin="ec" xml:id="art_1_FvJaZa">point a - first alinea</p>
                                </content>
                            </alinea>
                            <alinea leos:origin="ec" leos:softaction="move_from" leos:softactionroot="false" leos:softdate="2021-12-01T10:49:41.218+01:00" leos:softmove_from="moved_art_1_Kjl2Li" leos:softmove_label="MOVED from Article 1(2), point (a), first subparagraph" leos:softuser="demo" xml:id="art_1_Kjl2Li">
                                <content leos:origin="ec" xml:id="art_1_91Pv8B">
                                    <p leos:origin="ec" xml:id="art_1_0Y121M">point a - second alinea</p>
                                </content>
                            </alinea>
                            <list leos:origin="cn" leos:softaction="move_from" leos:softactionroot="false" leos:softdate="2021-12-01T10:49:41.218+01:00" leos:softmove_from="moved_art_1_4YpgMW" leos:softmove_label="MOVED from Article 1(2), point (a)" leos:softuser="demo" xml:id="art_1_4YpgMW">
                                <point leos:origin="ec" leos:softaction="move_from" leos:softactionroot="false" leos:softdate="2021-12-01T10:49:41.218+01:00" leos:softmove_from="moved_art_1_phm52r" leos:softmove_label="MOVED from Article 1(2), point (a)(i)" leos:softuser="demo" xml:id="art_1_phm52r">
                                    <num leos:origin="cn" xml:id="art_1_hL8CzZ">(i)</num>
                                    <alinea leos:origin="ec" leos:softaction="move_from" leos:softactionroot="false" leos:softdate="2021-12-01T10:49:41.218+01:00" leos:softmove_from="moved_art_1_KDECQO" leos:softmove_label="MOVED from Article 1(2), point (a)(i), first subparagraph" leos:softuser="demo" xml:id="art_1_KDECQO">
                                        <content leos:origin="ec" xml:id="art_1_pWClT9">
                                            <p leos:origin="ec" xml:id="art_1_j9YcTo">point (i)</p>
                                        </content>
                                    </alinea>
                                    <list leos:origin="cn" leos:softaction="move_from" leos:softactionroot="false" leos:softdate="2021-12-01T10:49:41.218+01:00" leos:softmove_from="moved_art_1_wC4HHI" leos:softmove_label="MOVED from Article 1(2), point (a)(i)" leos:softuser="demo" xml:id="art_1_wC4HHI">
                                        <point leos:origin="ec" leos:softaction="move_from" leos:softactionroot="false" leos:softdate="2021-12-01T10:49:41.218+01:00" leos:softmove_from="moved_art_1_VVFNFH" leos:softmove_label="MOVED from Article 1(2), point (a)(i)(1)" leos:softuser="demo" xml:id="art_1_VVFNFH">
                                            <num leos:origin="cn" xml:id="art_1_dBhjCP">(1)</num>
                                            <content leos:origin="ec" xml:id="art_1_CcY7zc">
                                                <p leos:origin="ec" xml:id="art_1_ZNbFLX">point (1)</p>
                                            </content>
                                        </point>
                                        <point leos:indent-origin-indent-level="3" leos:indent-origin-num="(2)" leos:indent-origin-num-id="art_1_K7zUsv" leos:indent-origin-num-origin="cn" leos:indent-origin-type="FIRST_SUBPOINT" leos:origin="ec" leos:softaction="move_from" leos:softactionroot="false" leos:softdate="2021-12-01T10:49:41.218+01:00" leos:softmove_from="moved_art_1_FAcGNE" leos:softtrans_from="art_1_1cEGq3" leos:softuser="demo" xml:id="art_1_FAcGNE">
                                            <num leos:origin="cn" xml:id="art_1_K7zUsv">(2)</num>
                                            <content leos:origin="ec" xml:id="art_1_IduNeb">
                                                <p leos:origin="ec" xml:id="art_1_mMX8dS">point (2)</p>
                                            </content>
                                        </point>
                                    </list>
                                </point>
                            </list>
                        </point>
                    </list>
                </paragraph>
                <paragraph leos:indent-origin-indent-level="4" leos:indent-origin-num="-" leos:indent-origin-num-id="art_1_1kCzri" leos:indent-origin-num-origin="cn" leos:indent-origin-type="POINT" leos:origin="ec" leos:softaction="move_from" leos:softactionroot="false" leos:softdate="2021-12-01T10:49:41.218+01:00" leos:softmove_from="moved_art_1_5ndVlN" leos:softuser="demo" xml:id="transformed_art_1_5ndVlN">
                    <num leos:origin="cn" xml:id="art_1_1kCzri">-1a.</num>
                    <subparagraph leos:origin="ec" leos:softaction="move_from" leos:softactionroot="false" leos:softdate="2021-06-03T14:33:43.000+02:00" leos:softmove_from="moved_art_1_5ndVlN" leos:softuser="demo" xml:id="art_1_5ndVlN">
                        <content leos:origin="ec" xml:id="art_1_J7Haeg">
                            <p leos:origin="ec" xml:id="art_1_IIi5fV">paragraph -1a.</p>
                        </content>
                    </subparagraph>
                    <list leos:origin="cn" leos:softaction="move_from" leos:softactionroot="false" leos:softdate="2021-12-01T10:49:41.234+01:00" leos:softmove_from="moved_art_1_a5IF64" leos:softmove_label="MOVED from Article 1(2), point (a)(i)(2)" leos:softuser="demo" xml:id="art_1_a5IF64">
                        <point leos:indent-origin-indent-level="4" leos:indent-origin-num="-" leos:indent-origin-num-id="art_1_oaZ1zo" leos:indent-origin-num-origin="cn" leos:indent-origin-type="POINT" leos:origin="ec" leos:softaction="move_from" leos:softactionroot="false" leos:softdate="2021-12-01T10:49:41.218+01:00" leos:softmove_from="moved_art_1_ZFtvOn" leos:softuser="demo" xml:id="transformed_art_1_ZFtvOn">
                            <num leos:origin="cn" xml:id="art_1_oaZ1zo">(a)</num>
                            <alinea leos:origin="ec" leos:softaction="move_from" leos:softactionroot="false" leos:softdate="2021-06-03T14:33:43.000+02:00" leos:softmove_from="moved_art_1_ZFtvOn" leos:softuser="demo" xml:id="art_1_ZFtvOn">
                                <content leos:origin="ec" xml:id="art_1_0LngP7">
                                    <p leos:origin="ec" xml:id="art_1_OXEcmh">paragraph 2 - point (a)</p>
                                </content>
                            </alinea>
                            <list leos:origin="cn" xml:id="_lis_VhL98j">
                                <point leos:indent-origin-indent-level="3" leos:indent-origin-num="(3)" leos:indent-origin-num-id="art_1_0Y6Ruu" leos:indent-origin-num-origin="cn" leos:indent-origin-type="POINT" leos:origin="ec" leos:softaction="move_from" leos:softactionroot="false" leos:softdate="2021-12-01T10:49:41.218+01:00" leos:softmove_from="moved_art_1_PB1uf1" leos:softuser="demo" xml:id="art_1_PB1uf1">
                                    <num leos:origin="cn" xml:id="art_1_0Y6Ruu">(i)</num>
                                    <content leos:origin="ec" xml:id="art_1_gRZBCJ">
                                        <p leos:origin="ec" xml:id="art_1_WZxiZc">paragraph 2 - point (i)
                                            <i leos:origin="ec" xml:id="art_1_gDcX3H">fermentum</i>
                                            pulvinar lobortis.
                                        </p>
                                    </content>
                                </point>
                                <point leos:origin="ec" leos:softaction="move_from" leos:softactionroot="false" leos:softdate="2021-12-01T10:49:41.218+01:00" leos:softmove_from="moved_art_1_MsYOP8" leos:softmove_label="MOVED from Article 1(2), point (a)(ii)" leos:softuser="demo" xml:id="art_1_MsYOP8">
                                    <num leos:origin="cn" xml:id="art_1_ax6vkl">(ii)</num>
                                    <content leos:origin="ec" xml:id="art_1_I7EeF3">
                                        <p leos:origin="ec" xml:id="art_1_nFNMcc">paragraph 2 - point (ii)</p>
                                    </content>
                                </point>
                            </list>
                        </point>
                        <point leos:origin="ec" leos:softaction="move_from" leos:softactionroot="false" leos:softdate="2021-12-01T10:49:41.234+01:00" leos:softmove_from="moved_art_1_xazYIn" leos:softmove_label="MOVED from Article 1(2), point (b)" leos:softuser="demo" xml:id="art_1_xazYIn">
                            <num leos:origin="cn" xml:id="art_1_oWo2e5">(b)</num>
                            <content leos:origin="ec" xml:id="art_1_VFWm4v">
                                <p leos:origin="ec" xml:id="art_1_ZloLEq">paragraph 2 - point (b)
                                </p>
                            </content>
                        </point>
                        <point leos:origin="ec" leos:softaction="move_from" leos:softactionroot="false" leos:softdate="2021-12-01T10:49:41.234+01:00" leos:softmove_from="moved_art_1_UzJLOt" leos:softmove_label="MOVED from Article 1(2), point (c)" leos:softuser="demo" xml:id="art_1_UzJLOt">
                            <num leos:origin="cn" xml:id="art_1_WkWkAs">(c)</num>
                            <content leos:origin="ec" xml:id="art_1_ERpshv">
                                <p leos:origin="ec" xml:id="art_1_wSqD5p">paragraph 2 - point (c) </p>
                            </content>
                        </point>
                    </list>
                    <subparagraph leos:origin="ec" leos:softaction="move_from" leos:softactionroot="false" leos:softdate="2021-12-01T10:49:41.234+01:00" leos:softmove_from="moved_art_1_zRegN5" leos:softmove_label="MOVED from Article 1(2), first subparagraph" leos:softuser="demo" xml:id="art_1_zRegN5">
                        <content leos:origin="ec" xml:id="art_1_pfTCNc">
                            <p leos:origin="ec" xml:id="art_1_QvvqAE">paragraph 2 - second sub</p>
                        </content>
                    </subparagraph>
                </paragraph>
                <paragraph leos:origin="ec" xml:id="art_1_qWPPNr">
                    <num leos:origin="ec" xml:id="art_1_8ylKOx">1.</num>
                    <subparagraph leos:origin="ec" xml:id="art_1_pcKcai">
                        <content leos:origin="ec" xml:id="art_1_xJBmXh">
                            <p leos:origin="ec" xml:id="art_1_w8GmHn">paragraph 3 - first sub</p>
                        </content>
                    </subparagraph>
                    <subparagraph leos:origin="ec" xml:id="art_1_vivBFj">
                        <content leos:origin="ec" xml:id="art_1_ztpQlS">
                            <p leos:origin="ec" xml:id="art_1_cJRpyM">paragraph 3 - second sub</p>
                        </content>
                    </subparagraph>
                </paragraph>
                <paragraph leos:origin="ec" leos:softaction="move_to" leos:softactionroot="true" leos:softdate="2021-12-01T10:49:41.250+01:00" leos:softmove_label="MOVED to Article 1(-1)" leos:softmove_to="art_1_cWS5uc" leos:softuser="demo" xml:id="moved_art_1_cWS5uc">
                    <num leos:origin="ec" xml:id="moved_art_1_gKDGvA">2.</num>
                    <subparagraph leos:origin="ec" leos:softaction="move_to" leos:softactionroot="false" leos:softdate="2021-12-01T10:49:41.234+01:00" leos:softmove_label="MOVED to Article 1(-1), first subparagraph" leos:softmove_to="art_1_SWueb9" leos:softuser="demo" xml:id="moved_art_1_SWueb9">
                        <content leos:origin="ec" xml:id="moved_art_1_OB7gPz">
                            <p leos:origin="ec" xml:id="moved_art_1_MyuFrN">paragraph 4 - first sub</p>
                        </content>
                    </subparagraph>
                    <subparagraph leos:origin="ec" leos:softaction="move_to" leos:softactionroot="false" leos:softdate="2021-12-01T10:49:41.234+01:00" leos:softmove_label="MOVED to Article 1(-1), second subparagraph" leos:softmove_to="art_1_Szhnjy" leos:softuser="demo" xml:id="moved_art_1_Szhnjy">
                        <content leos:origin="ec" xml:id="moved_art_1_6MNx7g">
                            <p leos:origin="ec" xml:id="moved_art_1_VlvQIt">paragraph 5 - first sub</p>
                        </content>
                    </subparagraph>
                    <list leos:origin="ec" leos:softaction="move_to" leos:softactionroot="false" leos:softdate="2021-12-01T10:49:41.250+01:00" leos:softmove_label="MOVED to Article 1(-1)" leos:softmove_to="art_1_quez9c" leos:softuser="demo" xml:id="moved_art_1_quez9c">
                        <point leos:origin="ec" leos:softaction="move_to" leos:softactionroot="false" leos:softdate="2021-12-01T10:49:41.250+01:00" leos:softmove_label="MOVED to Article 1(-1), point (a)" leos:softmove_to="art_1_CgrLVv" leos:softuser="demo" xml:id="moved_art_1_CgrLVv">
                            <num leos:origin="ec" xml:id="moved_art_1_bMM8M3">(a)</num>
                            <alinea leos:origin="ec" leos:softaction="move_to" leos:softactionroot="false" leos:softdate="2021-12-01T10:49:41.234+01:00" leos:softmove_label="MOVED to Article 1(-1), point (a), first subparagraph" leos:softmove_to="art_1_lknqOD" leos:softuser="demo" xml:id="moved_art_1_lknqOD">
                                <content leos:origin="ec" xml:id="moved_art_1_OOjjcP">
                                    <p leos:origin="ec" xml:id="moved_art_1_FvJaZa">paragraph 5 - point (a)</p>
                                </content>
                            </alinea>
                            <alinea leos:origin="ec" leos:softaction="move_to" leos:softactionroot="false" leos:softdate="2021-12-01T10:49:41.234+01:00" leos:softmove_label="MOVED to Article 1(-1), point (a), second subparagraph" leos:softmove_to="art_1_Kjl2Li" leos:softuser="demo" xml:id="moved_art_1_Kjl2Li">
                                <content leos:origin="ec" xml:id="moved_art_1_91Pv8B">
                                    <p leos:origin="ec" xml:id="moved_art_1_0Y121M">paragraph 5 - second aliena</p>
                                </content>
                            </alinea>
                            <list leos:origin="ec" leos:softaction="move_to" leos:softactionroot="false" leos:softdate="2021-12-01T10:49:41.250+01:00" leos:softmove_label="MOVED to Article 1(-1), point (a)" leos:softmove_to="art_1_4YpgMW" leos:softuser="demo" xml:id="moved_art_1_4YpgMW">
                                <point leos:origin="ec" leos:softaction="move_to" leos:softactionroot="false" leos:softdate="2021-12-01T10:49:41.250+01:00" leos:softmove_label="MOVED to Article 1(-1), point (a)(i)" leos:softmove_to="art_1_phm52r" leos:softuser="demo" xml:id="moved_art_1_phm52r">
                                    <num leos:origin="ec" xml:id="moved_art_1_hL8CzZ">(i)</num>
                                    <alinea leos:origin="ec" leos:softaction="move_to" leos:softactionroot="false" leos:softdate="2021-12-01T10:49:41.234+01:00" leos:softmove_label="MOVED to Article 1(-1), point (a)(i), first subparagraph" leos:softmove_to="art_1_KDECQO" leos:softuser="demo" xml:id="moved_art_1_KDECQO">
                                        <content leos:origin="ec" xml:id="moved_art_1_pWClT9">
                                            <p leos:origin="ec" xml:id="moved_art_1_j9YcTo">paragraph 5 - point (i)</p>
                                        </content>
                                    </alinea>
                                    <list leos:origin="ec" leos:softaction="move_to" leos:softactionroot="false" leos:softdate="2021-12-01T10:49:41.234+01:00" leos:softmove_label="MOVED to Article 1(-1), point (a)(i)" leos:softmove_to="art_1_wC4HHI" leos:softuser="demo" xml:id="moved_art_1_wC4HHI">
                                        <point leos:origin="ec" leos:softaction="move_to" leos:softactionroot="false" leos:softdate="2021-12-01T10:49:41.234+01:00" leos:softmove_label="MOVED to Article 1(-1), point (a)(i)(1)" leos:softmove_to="art_1_VVFNFH" leos:softuser="demo" xml:id="moved_art_1_VVFNFH">
                                            <num leos:origin="ec" xml:id="moved_art_1_dBhjCP">(1)</num>
                                            <content leos:origin="ec" xml:id="moved_art_1_CcY7zc">
                                                <p leos:origin="ec" xml:id="moved_art_1_ZNbFLX">paragraph 5 - point (1)</p>
                                            </content>
                                        </point>
                                        <point leos:origin="ec" leos:softaction="move_to" leos:softactionroot="false" leos:softdate="2021-12-01T10:49:41.234+01:00" leos:softmove_label="MOVED to Article 1(-1), point (a)(i)(2)" leos:softmove_to="art_1_FAcGNE" leos:softuser="demo" xml:id="moved_art_1_FAcGNE">
                                            <num leos:origin="ec" xml:id="moved_art_1_K7zUsv">(2)</num>
                                            <alinea leos:origin="ec" leos:softaction="move_to" leos:softactionroot="false" leos:softdate="2021-12-01T10:49:41.234+01:00" leos:softmove_label="MOVED to Article 1(-1), point (a)(i)(2), first subparagraph" leos:softmove_to="art_1_1cEGq3" leos:softuser="demo" xml:id="moved_art_1_1cEGq3">
                                                <content leos:origin="ec" xml:id="moved_art_1_IduNeb">
                                                    <p leos:origin="ec" xml:id="moved_art_1_mMX8dS">paragraph 5 - point (2)</p>
                                                </content>
                                            </alinea>
                                            <list leos:origin="ec" leos:softaction="move_to" leos:softactionroot="false" leos:softdate="2021-12-01T10:49:41.234+01:00" leos:softmove_label="MOVED to Article 1(-1), point (a)(i)(2)" leos:softmove_to="art_1_a5IF64" leos:softuser="demo" xml:id="moved_art_1_a5IF64">
                                                <indent leos:origin="ec" leos:softaction="move_to" leos:softactionroot="false" leos:softdate="2021-12-01T10:49:41.234+01:00" leos:softmove_label="MOVED to Article 1(-1), point (a)(i)(2), first indent" leos:softmove_to="art_1_5ndVlN" leos:softuser="demo" xml:id="moved_art_1_5ndVlN">
                                                    <num leos:origin="ec" xml:id="moved_art_1_1kCzri">-</num>
                                                    <content leos:origin="ec" xml:id="moved_art_1_J7Haeg">
                                                        <p leos:origin="ec" xml:id="moved_art_1_IIi5fV">paragraph 5 - first indent</p>
                                                    </content>
                                                </indent>
                                                <indent leos:origin="ec" leos:softaction="move_to" leos:softactionroot="false" leos:softdate="2021-12-01T10:49:41.234+01:00" leos:softmove_label="MOVED to Article 1(-1), point (a)(i)(2), second indent" leos:softmove_to="art_1_ZFtvOn" leos:softuser="demo" xml:id="moved_art_1_ZFtvOn">
                                                    <num leos:origin="ec" xml:id="moved_art_1_oaZ1zo">-</num>
                                                    <content leos:origin="ec" xml:id="moved_art_1_0LngP7">
                                                        <p leos:origin="ec" xml:id="moved_art_1_OXEcmh">paragraph 5 - second indent</p>
                                                    </content>
                                                </indent>
                                            </list>
                                        </point>
                                        <point leos:origin="ec" leos:softaction="move_to" leos:softactionroot="false" leos:softdate="2021-12-01T10:49:41.234+01:00" leos:softmove_label="MOVED to Article 1(-1), point (a)(i)(3)" leos:softmove_to="art_1_PB1uf1" leos:softuser="demo" xml:id="moved_art_1_PB1uf1">
                                            <num leos:origin="ec" xml:id="moved_art_1_0Y6Ruu">(3)</num>
                                            <content leos:origin="ec" xml:id="moved_art_1_gRZBCJ">
                                                <p leos:origin="ec" xml:id="moved_art_1_WZxiZc">paragraph 5 - point (3)
                                                    <i leos:origin="ec" xml:id="moved_art_1_gDcX3H">fermentum </i>
                                                    pulvinar
                                                </p>
                                            </content>
                                        </point>
                                    </list>
                                </point>
                                <point leos:origin="ec" leos:softaction="move_to" leos:softactionroot="false" leos:softdate="2021-12-01T10:49:41.250+01:00" leos:softmove_label="MOVED to Article 1(-1), point (a)(ii)" leos:softmove_to="art_1_MsYOP8" leos:softuser="demo" xml:id="moved_art_1_MsYOP8">
                                    <num leos:origin="ec" xml:id="moved_art_1_ax6vkl">(ii)</num>
                                    <content leos:origin="ec" xml:id="moved_art_1_I7EeF3">
                                        <p leos:origin="ec" xml:id="moved_art_1_nFNMcc">paragraph 5 - point (ii)</p>
                                    </content>
                                </point>
                            </list>
                        </point>
                        <point leos:origin="ec" leos:softaction="move_to" leos:softactionroot="false" leos:softdate="2021-12-01T10:49:41.250+01:00" leos:softmove_label="MOVED to Article 1(-1), point (b)" leos:softmove_to="art_1_xazYIn" leos:softuser="demo" xml:id="moved_art_1_xazYIn">
                            <num leos:origin="ec" xml:id="moved_art_1_oWo2e5">(b)</num>
                            <content leos:origin="ec" xml:id="moved_art_1_VFWm4v">
                                <p leos:origin="ec" xml:id="moved_art_1_ZloLEq">paragraph 5 - point (b)
                                    <b leos:origin="ec" xml:id="moved_art_1_lEGcYS">Cras l</b>
                                    . I
                                </p>
                            </content>
                        </point>
                        <point leos:origin="ec" leos:softaction="move_to" leos:softactionroot="false" leos:softdate="2021-12-01T10:49:41.250+01:00" leos:softmove_label="MOVED to Article 1(-1), point (c)" leos:softmove_to="art_1_UzJLOt" leos:softuser="demo" xml:id="moved_art_1_UzJLOt">
                            <num leos:origin="ec" xml:id="moved_art_1_WkWkAs">(c)</num>
                            <content leos:origin="ec" xml:id="moved_art_1_ERpshv">
                                <p leos:origin="ec" xml:id="moved_art_1_wSqD5p">paragraph 5 - point (c)</p>
                            </content>
                        </point>
                    </list>
                    <subparagraph leos:origin="ec" leos:softaction="move_to" leos:softactionroot="false" leos:softdate="2021-12-01T10:49:41.250+01:00" leos:softmove_label="MOVED to Article 1(-1), third subparagraph" leos:softmove_to="art_1_zRegN5" leos:softuser="demo" xml:id="moved_art_1_zRegN5">
                        <content leos:origin="ec" xml:id="moved_art_1_pfTCNc">
                            <p leos:origin="ec" xml:id="moved_art_1_QvvqAE">paragraph 5 - sub</p>
                        </content>
                    </subparagraph>
                </paragraph>
                <paragraph leos:origin="ec" xml:id="art_1_rJ0X91">
                    <num leos:origin="ec" xml:id="art_1_J9TqeO">3.</num>
                    <content leos:origin="ec" xml:id="art_1_PHYnaY">
                        <p leos:origin="ec" xml:id="art_1_R4DNM2">paragraph 5 - sub</p>
                    </content>
                </paragraph>
                <paragraph leos:origin="ec" xml:id="art_1_5sXQEG">
                    <num leos:origin="ec" xml:id="art_1_RTAnn0">4.</num>
                    <subparagraph leos:origin="ec" xml:id="art_1_VZXNqe">
                        <content leos:origin="ec" xml:id="art_1_vxjIbF">
                            <p leos:origin="ec" xml:id="art_1_oA5THa">sub</p>
                        </content>
                    </subparagraph>
                    <subparagraph leos:origin="ec" xml:id="art_1_V3vEhT">
                        <content leos:origin="ec" xml:id="art_1_jlNcdg">
                            <p leos:origin="ec" xml:id="art_1_lkIRj5">sub</p>
                        </content>
                    </subparagraph>
                </paragraph>
            </article>
        </body>
    </bill>
</akomaNtoso>