<akomaNtoso xmlns="http://docs.oasis-open.org/legaldocml/ns/akn/3.0" xmlns:leos="urn:eu:europa:ec:leos">
    <bill name="REG">

        <body leos:origin="ec" xml:id="_body">
            <article leos:affected="true" leos:autonumbering="true" leos:deletable="false" leos:editable="true" leos:origin="ec" xml:id="_art_1">
                <num leos:editable="false" leos:origin="ec" xml:id="_art_1__num">Article 1</num>
                <heading leos:origin="ec" xml:id="_art_1__heading">Scope</heading>
                <paragraph leos:deletable="false" leos:editable="false" leos:origin="ec" leos:softaction="del" leos:softactionroot="true"
                           leos:softdate="2022-08-09T13:52:34.469+02:00" leos:softuser=" jane(DIGIT)" xml:id="deleted_moved__art_1__para_1">
                    <num leos:origin="ec" xml:id="deleted_moved__art_1__para_1__num">1.</num>
                    <subparagraph leos:deletable="false" leos:editable="false" leos:origin="ec" leos:softaction="del" leos:softactionroot="false"
                                  leos:softdate="2022-08-09T13:52:34.470+02:00" leos:softuser=" jane(DIGIT)" xml:id="deleted_moved__art_1_0IxItO">
                        <content leos:origin="ec" xml:id="deleted_moved__art_1__para_1__content">
                            <p leos:origin="ec" xml:id="deleted_moved__art_1__para_1__content__p">Article 1</p>
                        </content>
                    </subparagraph>
                    <list leos:deletable="false" leos:editable="false" leos:origin="ec" leos:softaction="del" leos:softactionroot="false"
                          leos:softdate="2022-08-09T13:52:34.471+02:00" leos:softuser=" jane(DIGIT)" xml:id="deleted_moved__art_1_VqBxls">
                        <point leos:deletable="false" leos:editable="false" leos:origin="ec" leos:softaction="del" leos:softactionroot="false"
                               leos:softdate="2022-08-09T13:52:34.471+02:00" leos:softuser=" jane(DIGIT)" xml:id="deleted_moved__art_1_9Xrkmo">
                            <num leos:origin="ec" xml:id="deleted_moved__art_1_YEYSDb">(a)</num>
                            <content leos:origin="ec" xml:id="deleted_moved__art_1_6vBqoh">
                                <p leos:origin="ec" xml:id="deleted_moved__art_1_jQm45I">Point a of Article 1</p>
                            </content>
                        </point>
                        <point leos:deletable="false" leos:editable="false" leos:origin="ec" leos:softaction="del" leos:softactionroot="false"
                               leos:softdate="2022-08-09T13:52:34.472+02:00" leos:softuser=" jane(DIGIT)" xml:id="deleted_moved__art_1_d5lxNW">
                            <num leos:origin="ec" xml:id="deleted_moved__art_1_T1FuHf">(b)</num>
                            <alinea leos:deletable="false" leos:editable="false" leos:origin="ec" leos:softaction="del" leos:softactionroot="false"
                                    leos:softdate="2022-08-09T13:52:34.473+02:00" leos:softuser=" jane(DIGIT)" xml:id="deleted_moved__art_1_BmSjxA">
                                <content leos:origin="ec" xml:id="deleted_moved__art_1_liLUFO">
                                    <p leos:origin="ec" xml:id="deleted_moved__art_1_ckf6MW">Point b of Article 1</p>
                                </content>
                            </alinea>
                            <list leos:deletable="false" leos:editable="false" leos:origin="ec" leos:softaction="del" leos:softactionroot="false"
                                  leos:softdate="2022-08-09T13:52:34.473+02:00" leos:softuser=" jane(DIGIT)" xml:id="deleted_moved__art_1_Avh2dF">
                                <point leos:deletable="false" leos:editable="false" leos:origin="ec" leos:softaction="del" leos:softactionroot="false"
                                       leos:softdate="2022-08-09T13:52:34.474+02:00" leos:softuser=" jane(DIGIT)" xml:id="deleted_moved__art_1_DoFXZB">
                                    <num leos:origin="ec" xml:id="deleted_moved__art_1_QUO4dw">(i)</num>
                                    <content leos:origin="ec" xml:id="deleted_moved__art_1_tI9UK0">
                                        <p leos:origin="ec" xml:id="deleted_moved__art_1_qEGEHj">Point i of Article 1</p>
                                    </content>
                                </point>
                                <point leos:deletable="false" leos:editable="false" leos:origin="ec" leos:softaction="del" leos:softactionroot="false"
                                       leos:softdate="2022-08-09T13:52:34.474+02:00" leos:softuser=" jane(DIGIT)" xml:id="deleted_moved__art_1_aaR4gr">
                                    <num leos:origin="ec" xml:id="deleted_moved__art_1_dNa5T0">(ii)</num>
                                    <alinea leos:deletable="false" leos:editable="false" leos:origin="ec" leos:softaction="del" leos:softactionroot="false"
                                            leos:softdate="2022-08-09T13:52:34.475+02:00" leos:softuser=" jane(DIGIT)" xml:id="deleted_moved__art_1_8YVMWK">
                                        <content leos:origin="ec" xml:id="deleted_moved__art_1_quPSYX">
                                            <p leos:origin="ec" xml:id="deleted_moved__art_1_oWvJOZ">Point ii of Article 1</p>
                                        </content>
                                    </alinea>
                                    <list leos:deletable="false" leos:editable="false" leos:origin="ec" leos:softaction="del" leos:softactionroot="false"
                                          leos:softdate="2022-08-09T13:52:34.476+02:00" leos:softuser=" jane(DIGIT)" xml:id="deleted_moved__art_1_4WConn">
                                        <point leos:deletable="false" leos:editable="false" leos:origin="ec" leos:softaction="del" leos:softactionroot="false"
                                               leos:softdate="2022-08-09T13:52:34.476+02:00" leos:softuser=" jane(DIGIT)" xml:id="deleted_moved__art_1_pIHzSs">
                                            <num leos:origin="ec" xml:id="deleted_moved__art_1_ohvAsE">(1)</num>
                                            <alinea leos:deletable="false" leos:editable="false" leos:origin="ec" leos:softaction="del"
                                                    leos:softactionroot="false" leos:softdate="2022-08-09T13:52:34.476+02:00" leos:softuser=" jane(DIGIT)"
                                                    xml:id="deleted_moved__art_1_36mOBa">
                                                <content leos:origin="ec" xml:id="deleted_moved__art_1_wSIm58">
                                                    <p leos:origin="ec" xml:id="deleted_moved__art_1_t9aSqn">Point 1 of Article 1</p>
                                                </content>
                                            </alinea>
                                            <list leos:deletable="false" leos:editable="false" leos:origin="ec" leos:softaction="del"
                                                  leos:softactionroot="false" leos:softdate="2022-08-09T13:52:34.477+02:00" leos:softuser=" jane(DIGIT)"
                                                  xml:id="deleted_moved__art_1_xKQEky">
                                                <indent leos:deletable="false" leos:editable="false" leos:origin="ec" leos:softaction="del"
                                                        leos:softactionroot="false" leos:softdate="2022-08-09T13:52:34.477+02:00" leos:softuser=" jane(DIGIT)"
                                                        xml:id="deleted_moved__art_1_PUP8w5">
                                                    <num leos:origin="ec" xml:id="deleted_moved__art_1_GSprOZ">-</num>
                                                    <content leos:origin="ec" xml:id="deleted_moved__art_1_6LTUNc">
                                                        <p leos:origin="ec" xml:id="deleted_moved__art_1_N8FGzW">Point - of Article 1</p>
                                                    </content>
                                                </indent>
                                            </list>
                                        </point>
                                    </list>
                                </point>
                            </list>
                        </point>
                    </list>
                </paragraph>
                <paragraph leos:origin="ec" xml:id="_art_1_uJWnQB">
                    <num leos:origin="ec" xml:id="_art_1_INcldv">2.</num>
                    <content leos:origin="ec" xml:id="_art_1_VaI8EU">
                        <p leos:origin="ec" xml:id="_art_1_oIcpbe">Paragraph 2 of Article 1</p>
                    </content>
                </paragraph>

                <paragraph leos:origin="ec" xml:id="_art_1_UByxnU">
                    <num leos:origin="ec" xml:id="_art_1_eU78Ye">3.</num>
                    <content leos:origin="ec" xml:id="_art_1_7oNaBz">
                        <p leos:origin="ec" xml:id="_art_1_rXwZkr">Par 3 of Article 1</p>
                    </content>
                </paragraph>
            </article>
            <article leos:deletable="false" leos:origin="ec" xml:id="__akn_article_MSaviI">
                <num leos:editable="false" leos:origin="ec" xml:id="__akn_article_MSaviI_CgVxs6">Article 2</num>
                <heading leos:origin="ec" xml:id="__akn_article_MSaviI_dcRKgF">Article heading...</heading>
                <paragraph leos:origin="ec" xml:id="__akn_article_MSaviI-par1">
                    <num leos:origin="ec" xml:id="__akn_article_MSaviI_kAKK5l">1.</num>
                    <content leos:origin="ec" xml:id="__akn_article_MSaviI_ilft4r">
                        <p leos:origin="ec" xml:id="__akn_article_MSaviI_gpsrrq">Article 2</p>
                    </content>
                </paragraph>
            </article>
            <article leos:autonumbering="true" leos:deletable="false" leos:editable="true" leos:origin="ec" xml:id="_art_2">
                <num leos:editable="false" leos:origin="ec" xml:id="_art_2__num">Article 3</num>
                <heading leos:origin="ec" xml:id="_art_2__heading">Entry into force</heading>
                <paragraph leos:origin="ec" xml:id="_art_2_PbEh5K">
                    <subparagraph leos:origin="ec" xml:id="_art_2_RaenZD">
                        <content leos:origin="ec" xml:id="_art_2_56CDyx">
                            <p leos:origin="ec" xml:id="_art_2_x9yg5u">Article 2</p>
                        </content>
                    </subparagraph>
                    <list leos:origin="ec" xml:id="_art_2_dETnG9">
                        <point leos:deletable="false" leos:editable="false" leos:origin="ec" leos:softaction="del" leos:softactionroot="true"
                               leos:softdate="2022-08-09T13:52:34.480+02:00" leos:softuser=" jane(DIGIT)" xml:id="deleted_moved__art_2_SFQ4X0">
                            <num leos:origin="ec" xml:id="deleted_moved__art_2_caR83y">(a)</num>
                            <content leos:origin="ec" xml:id="deleted_moved__art_2_1QV5j4">
                                <p leos:origin="ec" xml:id="deleted_moved__art_2_1UCWq2">Point a of Article 3</p>
                            </content>
                        </point>
                        <point leos:origin="ec" xml:id="_art_2_XZ1wQb">
                            <num leos:origin="ec" xml:id="_art_2_AdnE11">(b)</num>
                            <alinea leos:origin="ec" xml:id="_art_2_btTLSv">
                                <content leos:origin="ec" xml:id="_art_2_1pKPOW">
                                    <p leos:origin="ec" xml:id="_art_2_9kttFq">Point b of Article 3</p>
                                </content>
                            </alinea>
                            <list leos:origin="ec" xml:id="_art_2_y10Jke">
                                <point leos:origin="ec" xml:id="_art_2_NeS3N1">
                                    <num leos:origin="ec" xml:id="_art_2_grHAdE">(i)</num>
                                    <content leos:origin="ec" xml:id="_art_2_lWRY8J">
                                        <p leos:origin="ec" xml:id="_art_2_fx2JSH">point i of Article 3</p>
                                    </content>
                                </point>
                                <point leos:origin="ec" xml:id="_art_2_tmKcQk">
                                    <num leos:origin="ec" xml:id="_art_2_xQwZ5S">(ii)</num>
                                    <alinea leos:origin="ec" xml:id="_art_2_AdFPm1">
                                        <content leos:origin="ec" xml:id="_art_2_CqPdpZ">
                                            <p leos:origin="ec" xml:id="_art_2_QP4XSE">Point ii of Article 3</p>
                                        </content>
                                    </alinea>
                                    <list leos:origin="ec" xml:id="_art_2_5za4Jn">
                                        <point leos:origin="ec" xml:id="_art_2__para_1">
                                            <num leos:origin="ec" xml:id="_art_2_FhlcFc">(1)</num>
                                            <content leos:origin="ec" xml:id="_art_2__para_1__content">
                                                <p leos:origin="ec" xml:id="_art_2__para_1__content__p">Point 1 of Article 3</p>
                                            </content>
                                        </point>
                                    </list>
                                </point>
                            </list>
                        </point>
                    </list>
                </paragraph>
            </article>

        </body>

    </bill>
</akomaNtoso>