<akomaNtoso xmlns="http://docs.oasis-open.org/legaldocml/ns/akn/3.0" xmlns:leos="urn:eu:europa:ec:leos">
    <bill name="REG">
        <body leos:origin="ec" xml:id="body">
            <part leos:origin="ec" xml:id="part_1">
                <num leos:origin="ec" xml:id="akn_U6JVmg">Part I</num>
                <heading leos:origin="ec" xml:id="akn_gFxums">Part heading...</heading>
                <chapter leos:origin="ec" xml:id="chapter_1">
                    <num leos:origin="ec" xml:id="akn_9Stf16">Chapter 1</num>
                    <heading leos:origin="ec" xml:id="akn_LFvufQ">Chapter heading...</heading>
                    <article leos:deletable="false" leos:editable="false" leos:origin="ec" xml:id="art_3">
                        <num leos:editable="false" leos:origin="ec" xml:id="art_3__num">Article 1</num>
                        <heading leos:origin="ec" xml:id="art_3__heading">Scope</heading>
                        <paragraph leos:origin="ec" xml:id="art_3__para_1">
                            <num leos:origin="ec" xml:id="art_3__para_1__num">1.</num>
                            <content leos:origin="ec" xml:id="art_3__para_1__content">
                                <p leos:origin="ec" xml:id="art_3__para_1__content__p">Paragraph 1</p>
                            </content>
                        </paragraph>
                    </article>
                    <section leos:origin="cn" leos:softaction="add" leos:softactionroot="true"
                             leos:softdate="2022-06-17T11:29:56.359+02:00" leos:softuser="demo jane(Ext)"
                             xml:id="_akn_section_XP6qOG">
                        <num leos:origin="cn">#</num>
                        <heading>Section heading...</heading>
                    </section>
                </chapter>
            </part>
        </body>
    </bill>
</akomaNtoso>