<akomaNtoso xmlns="http://docs.oasis-open.org/legaldocml/ns/akn/3.0" xmlns:leos="urn:eu:europa:ec:leos">
    <recitals leos:origin="ec" xml:id="recs" leos:editable="false">
        <intro leos:origin="ec" xml:id="recitalsIntro">
            <p leos:origin="ec" xml:id="recs_intro">Whereas:</p>
        </intro>
        <recital leos:origin="ec" xml:id="rec_1" leos:editable="true">
            <num leos:origin="ec" xml:id="rec_1__num">(1)</num>
            <p leos:origin="ec" xml:id="rec_1__p">Recital...</p>
        </recital>
        <recital xml:id="akn_recital_gklvul" leos:editable="true" leos:softaction="add" leos:softactionroot="true"
                 leos:softuser="jane" leos:softdate="2020-09-17T11:43:35.265+02:00" leos:depth="1" leos:origin="cn"
                 class="leos-double-compare-added">
            <num class="leos-double-compare-added" xml:id="recs_RMbSH7" leos:editable="false">(1a)</num>
            <p xml:id="recs_0gmXuI" class="leos-double-compare-added">
                <span class="leos-double-compare-added">Recital...</span>
            </p>
        </recital>
    </recitals>
</akomaNtoso>